limits:525:7:static constexpr signed char std::numeric_limits<signed char>::min()	4	static
limits:528:7:static constexpr signed char std::numeric_limits<signed char>::max()	4	static
limits:595:7:static constexpr unsigned char std::numeric_limits<unsigned char>::min()	4	static
limits:598:7:static constexpr unsigned char std::numeric_limits<unsigned char>::max()	4	static
limits:1204:7:static constexpr long int std::numeric_limits<long int>::min()	4	static
limits:1207:7:static constexpr long int std::numeric_limits<long int>::max()	4	static
micro_test.h:78:13:void tflite::InitializeTest()	8	static
micro_utils_test.cc:20:1:int main(int, char**)	544	static
micro_utils.h:36:3:T tflite::FloatToQuantizedType(float, float, int) [with T = unsigned char]	48	static
micro_utils.h:36:3:T tflite::FloatToQuantizedType(float, float, int) [with T = signed char]	48	static
micro_utils.h:46:3:T tflite::FloatToSymmetricQuantizedType(float, float) [with T = signed char]	40	static
micro_utils.h:46:3:T tflite::FloatToSymmetricQuantizedType(float, float) [with T = long int]	40	static
micro_utils.h:69:6:void tflite::Quantize(const float*, T*, int, float, int) [with T = signed char]	48	static
micro_utils.h:69:6:void tflite::Quantize(const float*, T*, int, float, int) [with T = unsigned char]	48	static
micro_utils.h:77:6:void tflite::SymmetricQuantize(const float*, T*, int, float) [with T = long int]	40	static
stl_algobase.h:222:5:constexpr const _Tp& std::max(const _Tp&, const _Tp&) [with _Tp = long int]	16	static
stl_algobase.h:198:5:constexpr const _Tp& std::min(const _Tp&, const _Tp&) [with _Tp = long int]	16	static
stl_algobase.h:222:5:constexpr const _Tp& std::max(const _Tp&, const _Tp&) [with _Tp = long long int]	16	static
stl_algobase.h:198:5:constexpr const _Tp& std::min(const _Tp&, const _Tp&) [with _Tp = long long int]	16	static
