gthr-default.h:229:1:int __gthread_key_delete(__gthread_key_t)	16	static
mock_micro_graph.cc:22:1:tflite::MockMicroGraph::MockMicroGraph(tflite::SimpleMemoryAllocator*)	48	static
mock_micro_graph.cc:43:14:virtual TfLiteStatus tflite::MockMicroGraph::InvokeSubgraph(int)	16	static
mock_micro_graph.cc:48:14:virtual TfLiteStatus tflite::MockMicroGraph::ResetVariableTensors()	16	static
mock_micro_graph.cc:50:8:virtual size_t tflite::MockMicroGraph::NumSubgraphInputs(int)	16	static
mock_micro_graph.cc:52:19:virtual TfLiteEvalTensor* tflite::MockMicroGraph::GetSubgraphInput(int, int)	24	static
mock_micro_graph.cc:57:8:virtual size_t tflite::MockMicroGraph::NumSubgraphOutputs(int)	16	static
mock_micro_graph.cc:59:19:virtual TfLiteEvalTensor* tflite::MockMicroGraph::GetSubgraphOutput(int, int)	24	static
mock_micro_graph.cc:64:5:virtual int tflite::MockMicroGraph::NumSubgraphs()	16	static
mock_micro_graph.h:29:7:tflite::MockMicroGraph::~MockMicroGraph()	16	static
mock_micro_graph.h:29:7:virtual tflite::MockMicroGraph::~MockMicroGraph()	16	static
