gthr-default.h:229:1:int __gthread_key_delete(__gthread_key_t)	16	static
portable_type_to_tflitetype.h:63:1:constexpr TfLiteType tflite::typeToTfLiteType() [with T = short int]	4	static
portable_type_to_tflitetype.h:65:1:constexpr TfLiteType tflite::typeToTfLiteType() [with T = float]	4	static
portable_type_to_tflitetype.h:66:1:constexpr TfLiteType tflite::typeToTfLiteType() [with T = unsigned char]	4	static
portable_type_to_tflitetype.h:67:1:constexpr TfLiteType tflite::typeToTfLiteType() [with T = signed char]	4	static
micro_test.h:78:13:void tflite::InitializeTest()	8	static
kernel_runner.h:33:7:tflite::micro::KernelRunner::~KernelRunner()	16	static
concatenation_test.cc:27:6:void tflite::testing::{anonymous}::TestConcatenateTwoInputs(int*, const float*, int*, const float*, int, int*, const float*, float*)	640	static
concatenation_test.cc:118:1:int main(int, char**)	632	static
test_helpers.h:169:14:TfLiteTensor tflite::testing::CreateTensor(const T*, TfLiteIntArray*, bool) [with T = float]	24	static
concatenation_test.cc:69:6:void tflite::testing::{anonymous}::TestConcatenateQuantizedTwoInputs(int*, const T*, int*, const T*, float, int, int, int*, const T*, float, int, T*) [with T = unsigned char]	640	static
concatenation_test.cc:69:6:void tflite::testing::{anonymous}::TestConcatenateQuantizedTwoInputs(int*, const T*, int*, const T*, float, int, int, int*, const T*, float, int, T*) [with T = signed char]	640	static
concatenation_test.cc:69:6:void tflite::testing::{anonymous}::TestConcatenateQuantizedTwoInputs(int*, const T*, int*, const T*, float, int, int, int*, const T*, float, int, T*) [with T = short int]	640	static
test_helpers.h:189:14:TfLiteTensor tflite::testing::CreateQuantizedTensor(const T*, TfLiteIntArray*, float, int, bool) [with T = unsigned char]	32	static
test_helpers.h:189:14:TfLiteTensor tflite::testing::CreateQuantizedTensor(const T*, TfLiteIntArray*, float, int, bool) [with T = signed char]	32	static
test_helpers.h:189:14:TfLiteTensor tflite::testing::CreateQuantizedTensor(const T*, TfLiteIntArray*, float, int, bool) [with T = short int]	32	static
test_helpers.h:169:14:TfLiteTensor tflite::testing::CreateTensor(const T*, TfLiteIntArray*, bool) [with T = unsigned char]	24	static
test_helpers.h:169:14:TfLiteTensor tflite::testing::CreateTensor(const T*, TfLiteIntArray*, bool) [with T = signed char]	24	static
test_helpers.h:169:14:TfLiteTensor tflite::testing::CreateTensor(const T*, TfLiteIntArray*, bool) [with T = short int]	24	static
mock_micro_graph.h:29:7:tflite::MockMicroGraph::~MockMicroGraph()	16	static
mock_micro_graph.h:29:7:virtual tflite::MockMicroGraph::~MockMicroGraph()	16	static
