gthr-default.h:229:1:int __gthread_key_delete(__gthread_key_t)	16	static
limits:525:7:static constexpr signed char std::numeric_limits<signed char>::min()	4	static
limits:528:7:static constexpr signed char std::numeric_limits<signed char>::max()	4	static
limits:1204:7:static constexpr long int std::numeric_limits<long int>::min()	4	static
limits:1207:7:static constexpr long int std::numeric_limits<long int>::max()	4	static
portable_type_to_tflitetype.h:61:1:constexpr TfLiteType tflite::typeToTfLiteType() [with T = long int]	4	static
portable_type_to_tflitetype.h:65:1:constexpr TfLiteType tflite::typeToTfLiteType() [with T = float]	4	static
portable_type_to_tflitetype.h:67:1:constexpr TfLiteType tflite::typeToTfLiteType() [with T = signed char]	4	static
micro_test.h:78:13:void tflite::InitializeTest()	8	static
conv_test.cc:62:1:int main(int, char**)	9304	static
stl_algobase.h:198:5:constexpr const _Tp& std::min(const _Tp&, const _Tp&) [with _Tp = long int]	16	static
test_helpers.h:169:14:TfLiteTensor tflite::testing::CreateTensor(const T*, TfLiteIntArray*, bool) [with T = float]	24	static
test_helpers.h:189:14:TfLiteTensor tflite::testing::CreateQuantizedTensor(const T*, TfLiteIntArray*, float, int, bool) [with T = signed char]	32	static
test_helpers.h:199:14:TfLiteTensor tflite::testing::CreateQuantizedTensor(const float*, T*, TfLiteIntArray*, float, int, bool) [with T = signed char]	48	static
micro_utils.h:77:6:void tflite::SymmetricQuantize(const float*, T*, int, float) [with T = long int]	40	static
test_helpers.h:169:14:TfLiteTensor tflite::testing::CreateTensor(const T*, TfLiteIntArray*, bool) [with T = long int]	24	static
micro_utils.h:69:6:void tflite::Quantize(const float*, T*, int, float, int) [with T = signed char]	48	static
test_helpers.h:169:14:TfLiteTensor tflite::testing::CreateTensor(const T*, TfLiteIntArray*, bool) [with T = signed char]	24	static
micro_utils.h:46:3:T tflite::FloatToSymmetricQuantizedType(float, float) [with T = long int]	40	static
micro_utils.h:36:3:T tflite::FloatToQuantizedType(float, float, int) [with T = signed char]	48	static
stl_algobase.h:222:5:constexpr const _Tp& std::max(const _Tp&, const _Tp&) [with _Tp = long long int]	16	static
stl_algobase.h:198:5:constexpr const _Tp& std::min(const _Tp&, const _Tp&) [with _Tp = long long int]	16	static
stl_algobase.h:222:5:constexpr const _Tp& std::max(const _Tp&, const _Tp&) [with _Tp = long int]	16	static
