gthr-default.h:229:1:int __gthread_key_delete(__gthread_key_t)	16	static
kernel_runner.h:51:19:tflite::MockMicroGraph* tflite::micro::KernelRunner::GetMockGraph()	16	static
kernel_runner.cc:34:1:tflite::micro::KernelRunner::KernelRunner(const TfLiteRegistration&, TfLiteTensor*, int, TfLiteIntArray*, TfLiteIntArray*, void*)	24	static
kernel_runner.cc:62:14:TfLiteStatus tflite::micro::KernelRunner::InitAndPrepare(const char*, size_t)	32	static
kernel_runner.cc:73:14:TfLiteStatus tflite::micro::KernelRunner::Invoke()	16	static
kernel_runner.cc:81:15:static TfLiteTensor* tflite::micro::KernelRunner::GetTensor(const TfLiteContext*, int)	24	static
kernel_runner.cc:90:19:static TfLiteEvalTensor* tflite::micro::KernelRunner::GetEvalTensor(const TfLiteContext*, int)	24	static
kernel_runner.cc:109:7:static void* tflite::micro::KernelRunner::AllocatePersistentBuffer(TfLiteContext*, size_t)	24	static
kernel_runner.cc:118:14:static TfLiteStatus tflite::micro::KernelRunner::RequestScratchBufferInArena(TfLiteContext*, size_t, int*)	40	static
kernel_runner.cc:145:7:static void* tflite::micro::KernelRunner::GetScratchBuffer(TfLiteContext*, int)	24	static
kernel_runner.cc:157:6:)	28	static
kernel_runner.cc:165:14:static TfLiteStatus tflite::micro::KernelRunner::GetGraph(TfLiteContext*, TfLiteIntArray**)	24	static
