std_abs.h:71:3:constexpr double std::abs(double)	16	static
cmath:300:3:float std::frexp(float, int*)	16	static
cmath:566:3:constexpr bool std::isfinite(double)	32	static
cmath:584:3:constexpr bool std::isinf(float)	16	static
cmath:592:3:constexpr bool std::isinf(double)	32	static
cmath:611:3:constexpr bool std::isnan(float)	16	static
cmath:619:3:constexpr bool std::isnan(double)	24	static
limits:525:7:static constexpr signed char std::numeric_limits<signed char>::min()	4	static
limits:528:7:static constexpr signed char std::numeric_limits<signed char>::max()	4	static
limits:595:7:static constexpr unsigned char std::numeric_limits<unsigned char>::min()	4	static
limits:598:7:static constexpr unsigned char std::numeric_limits<unsigned char>::max()	4	static
limits:925:7:static constexpr short int std::numeric_limits<short int>::min()	4	static
limits:928:7:static constexpr short int std::numeric_limits<short int>::max()	4	static
limits:992:7:static constexpr short unsigned int std::numeric_limits<short unsigned int>::min()	4	static
limits:995:7:static constexpr short unsigned int std::numeric_limits<short unsigned int>::max()	4	static
limits:1204:7:static constexpr long int std::numeric_limits<long int>::min()	4	static
limits:1207:7:static constexpr long int std::numeric_limits<long int>::max()	4	static
limits:1271:7:static constexpr long unsigned int std::numeric_limits<long unsigned int>::min()	4	static
limits:1274:7:static constexpr long unsigned int std::numeric_limits<long unsigned int>::max()	4	static
limits:1344:7:static constexpr long long int std::numeric_limits<long long int>::min()	4	static
limits:1347:7:static constexpr long long int std::numeric_limits<long long int>::max()	4	static
limits:1414:7:static constexpr long long unsigned int std::numeric_limits<long long unsigned int>::min()	4	static
limits:1417:7:static constexpr long long unsigned int std::numeric_limits<long long unsigned int>::max()	4	static
limits:1668:7:static constexpr float std::numeric_limits<float>::max()	4	static
limits:1672:7:static constexpr float std::numeric_limits<float>::lowest()	4	static
limits:1706:7:static constexpr float std::numeric_limits<float>::infinity()	4	static
limits:1709:7:static constexpr float std::numeric_limits<float>::quiet_NaN()	4	static
limits:1743:7:static constexpr double std::numeric_limits<double>::max()	4	static
limits:1747:7:static constexpr double std::numeric_limits<double>::lowest()	4	static
limits:1781:7:static constexpr double std::numeric_limits<double>::infinity()	4	static
limits:1784:7:static constexpr double std::numeric_limits<double>::quiet_NaN()	4	static
micro_test.h:78:13:void tflite::InitializeTest()	8	static
quantization_util_test.cc:380:19:main(int, char**)::<lambda(double, double, int)>	32	static
quantization_util_test.cc:176:1:int main(int, char**)	1776	static
quantization_util_test.cc:24:6:void tflite::{anonymous}::RunSafeCastTests() [with FloatIn = float; IntOut = signed char]	144	static
quantization_util_test.cc:24:6:void tflite::{anonymous}::RunSafeCastTests() [with FloatIn = double; IntOut = signed char]	152	static
quantization_util_test.cc:24:6:void tflite::{anonymous}::RunSafeCastTests() [with FloatIn = float; IntOut = short int]	224	static
quantization_util_test.cc:24:6:void tflite::{anonymous}::RunSafeCastTests() [with FloatIn = double; IntOut = short int]	232	static
quantization_util_test.cc:24:6:void tflite::{anonymous}::RunSafeCastTests() [with FloatIn = float; IntOut = long int]	288	static
quantization_util_test.cc:24:6:void tflite::{anonymous}::RunSafeCastTests() [with FloatIn = double; IntOut = long int]	392	static
quantization_util_test.cc:24:6:void tflite::{anonymous}::RunSafeCastTests() [with FloatIn = float; IntOut = long long int]	536	static
quantization_util_test.cc:24:6:void tflite::{anonymous}::RunSafeCastTests() [with FloatIn = double; IntOut = long long int]	560	static
quantization_util_test.cc:24:6:void tflite::{anonymous}::RunSafeCastTests() [with FloatIn = float; IntOut = unsigned char]	152	static
quantization_util_test.cc:24:6:void tflite::{anonymous}::RunSafeCastTests() [with FloatIn = double; IntOut = unsigned char]	160	static
quantization_util_test.cc:24:6:void tflite::{anonymous}::RunSafeCastTests() [with FloatIn = float; IntOut = short unsigned int]	224	static
quantization_util_test.cc:24:6:void tflite::{anonymous}::RunSafeCastTests() [with FloatIn = double; IntOut = short unsigned int]	232	static
quantization_util_test.cc:24:6:void tflite::{anonymous}::RunSafeCastTests() [with FloatIn = float; IntOut = long unsigned int]	296	static
quantization_util_test.cc:24:6:void tflite::{anonymous}::RunSafeCastTests() [with FloatIn = double; IntOut = long unsigned int]	400	static
quantization_util_test.cc:24:6:void tflite::{anonymous}::RunSafeCastTests() [with FloatIn = float; IntOut = long long unsigned int]	552	static
quantization_util_test.cc:24:6:void tflite::{anonymous}::RunSafeCastTests() [with FloatIn = double; IntOut = long long unsigned int]	576	static
quantization_util.h:102:20:tflite::QuantizationParams tflite::ChooseQuantizationParams(double, double) [with T = unsigned char]	32	static
stl_pair.h:341:12:constexpr std::pair<_T1, _T2>::pair(_U1&&, _U2&&) [with _U1 = long int&; _U2 = int&; typename std::enable_if<(std::_PCC<true, _T1, _T2>::_MoveConstructiblePair<_U1, _U2>() && std::_PCC<true, _T1, _T2>::_ImplicitlyMoveConvertiblePair<_U1, _U2>()), bool>::type <anonymous> = true; _T1 = long int; _T2 = int]	24	static
stl_pair.h:389:7:std::pair<_T1, _T2>& std::pair<_T1, _T2>::operator=(typename std::conditional<std::__and_<std::is_move_assignable<_Tp>, std::is_move_assignable<_T2> >::value, std::pair<_T1, _T2>&&, std::__nonesuch_no_braces&&>::type) [with _T1 = long int; _T2 = int]	16	static
quantization_util.h:128:8:IntOut tflite::SafeCast(FloatIn) [with IntOut = signed char; FloatIn = float]	24	static
quantization_util.h:128:8:IntOut tflite::SafeCast(FloatIn) [with IntOut = signed char; FloatIn = double]	24	static
quantization_util.h:128:8:IntOut tflite::SafeCast(FloatIn) [with IntOut = short int; FloatIn = float]	24	static
quantization_util.h:128:8:IntOut tflite::SafeCast(FloatIn) [with IntOut = short int; FloatIn = double]	24	static
quantization_util.h:128:8:IntOut tflite::SafeCast(FloatIn) [with IntOut = long int; FloatIn = float]	24	static
quantization_util.h:128:8:IntOut tflite::SafeCast(FloatIn) [with IntOut = long int; FloatIn = double]	24	static
quantization_util.h:128:8:IntOut tflite::SafeCast(FloatIn) [with IntOut = long long int; FloatIn = float]	24	static
quantization_util.h:128:8:IntOut tflite::SafeCast(FloatIn) [with IntOut = long long int; FloatIn = double]	24	static
quantization_util.h:128:8:IntOut tflite::SafeCast(FloatIn) [with IntOut = unsigned char; FloatIn = float]	24	static
quantization_util.h:128:8:IntOut tflite::SafeCast(FloatIn) [with IntOut = unsigned char; FloatIn = double]	24	static
quantization_util.h:128:8:IntOut tflite::SafeCast(FloatIn) [with IntOut = short unsigned int; FloatIn = float]	24	static
quantization_util.h:128:8:IntOut tflite::SafeCast(FloatIn) [with IntOut = short unsigned int; FloatIn = double]	24	static
quantization_util.h:128:8:IntOut tflite::SafeCast(FloatIn) [with IntOut = long unsigned int; FloatIn = float]	24	static
quantization_util.h:128:8:IntOut tflite::SafeCast(FloatIn) [with IntOut = long unsigned int; FloatIn = double]	24	static
quantization_util.h:128:8:IntOut tflite::SafeCast(FloatIn) [with IntOut = long long unsigned int; FloatIn = float]	24	static
quantization_util.h:128:8:IntOut tflite::SafeCast(FloatIn) [with IntOut = long long unsigned int; FloatIn = double]	24	static
quantization_util.h:31:20:tflite::QuantizationParams tflite::ChooseQuantizationParams(double, double, bool) [with T = unsigned char]	144	static
move.h:74:5:constexpr _Tp&& std::forward(typename std::remove_reference<_Tp>::type&) [with _Tp = long int&]	16	static
move.h:74:5:constexpr _Tp&& std::forward(typename std::remove_reference<_Tp>::type&) [with _Tp = int&]	16	static
move.h:74:5:constexpr _Tp&& std::forward(typename std::remove_reference<_Tp>::type&) [with _Tp = long int]	16	static
move.h:74:5:constexpr _Tp&& std::forward(typename std::remove_reference<_Tp>::type&) [with _Tp = int]	16	static
