gthr-default.h:229:1:int __gthread_key_delete(__gthread_key_t)	16	static
limits:525:7:static constexpr signed char std::numeric_limits<signed char>::min()	4	static
limits:528:7:static constexpr signed char std::numeric_limits<signed char>::max()	4	static
limits:595:7:static constexpr unsigned char std::numeric_limits<unsigned char>::min()	4	static
limits:598:7:static constexpr unsigned char std::numeric_limits<unsigned char>::max()	4	static
limits:925:7:static constexpr short int std::numeric_limits<short int>::min()	4	static
limits:928:7:static constexpr short int std::numeric_limits<short int>::max()	4	static
portable_type_to_tflitetype.h:61:1:constexpr TfLiteType tflite::typeToTfLiteType() [with T = long int]	4	static
portable_type_to_tflitetype.h:63:1:constexpr TfLiteType tflite::typeToTfLiteType() [with T = short int]	4	static
portable_type_to_tflitetype.h:65:1:constexpr TfLiteType tflite::typeToTfLiteType() [with T = float]	4	static
portable_type_to_tflitetype.h:66:1:constexpr TfLiteType tflite::typeToTfLiteType() [with T = unsigned char]	4	static
portable_type_to_tflitetype.h:67:1:constexpr TfLiteType tflite::typeToTfLiteType() [with T = signed char]	4	static
micro_test.h:78:13:void tflite::InitializeTest()	8	static
reduce_test.cc:92:6:void tflite::testing::{anonymous}::TestMeanFloatInput4D(int*, const float*, int*, const int32_t*, int*, const float*, float*, TfLiteReducerParams*, float)	312	static
reduce_test.cc:120:6:void tflite::testing::{anonymous}::TestReduceOpFloat(int*, const float*, int*, const int32_t*, int*, float*, const float*, const TfLiteRegistration&, TfLiteReducerParams*, float)	272	static
reduce_test.cc:228:1:int main(int, char**)	1528	static
stl_algobase.h:198:5:constexpr const _Tp& std::min(const _Tp&, const _Tp&) [with _Tp = long int]	16	static
test_helpers.h:169:14:TfLiteTensor tflite::testing::CreateTensor(const T*, TfLiteIntArray*, bool) [with T = float]	24	static
test_helpers.h:169:14:TfLiteTensor tflite::testing::CreateTensor(const T*, TfLiteIntArray*, bool) [with T = long int]	24	static
mock_micro_graph.h:29:7:tflite::MockMicroGraph::~MockMicroGraph()	16	static
mock_micro_graph.h:29:7:virtual tflite::MockMicroGraph::~MockMicroGraph()	16	static
kernel_runner.h:33:7:tflite::micro::KernelRunner::~KernelRunner()	16	static
reduce_test.cc:68:14:TfLiteStatus tflite::testing::{anonymous}::ValidateReduceGoldens(TfLiteTensor*, int, const T*, T*, int, const TfLiteRegistration&, TfLiteReducerParams*, float) [with T = float]	392	static
reduce_test.cc:187:6:void tflite::testing::{anonymous}::TestMeanOpQuantized(int*, const float*, T*, float, int, int*, const int32_t*, int*, const float*, T*, T*, float, int, TfLiteReducerParams*) [with T = signed char]	304	static
reduce_test.cc:187:6:void tflite::testing::{anonymous}::TestMeanOpQuantized(int*, const float*, T*, float, int, int*, const int32_t*, int*, const float*, T*, T*, float, int, TfLiteReducerParams*) [with T = short int]	304	static
reduce_test.cc:187:6:void tflite::testing::{anonymous}::TestMeanOpQuantized(int*, const float*, T*, float, int, int*, const int32_t*, int*, const float*, T*, T*, float, int, TfLiteReducerParams*) [with T = unsigned char]	304	static
reduce_test.cc:148:6:void tflite::testing::{anonymous}::TestReduceOpQuantized(int*, const float*, T*, float, int, int*, const int32_t*, int*, const float*, T*, T*, float, int, const TfLiteRegistration&, TfLiteReducerParams*) [with T = signed char]	264	static
test_helpers.h:199:14:TfLiteTensor tflite::testing::CreateQuantizedTensor(const float*, T*, TfLiteIntArray*, float, int, bool) [with T = signed char]	48	static
test_helpers.h:189:14:TfLiteTensor tflite::testing::CreateQuantizedTensor(const T*, TfLiteIntArray*, float, int, bool) [with T = signed char]	32	static
micro_utils.h:69:6:void tflite::Quantize(const float*, T*, int, float, int) [with T = signed char]	48	static
reduce_test.cc:68:14:TfLiteStatus tflite::testing::{anonymous}::ValidateReduceGoldens(TfLiteTensor*, int, const T*, T*, int, const TfLiteRegistration&, TfLiteReducerParams*, float) [with T = signed char]	384	static
test_helpers.h:199:14:TfLiteTensor tflite::testing::CreateQuantizedTensor(const float*, T*, TfLiteIntArray*, float, int, bool) [with T = short int]	48	static
test_helpers.h:189:14:TfLiteTensor tflite::testing::CreateQuantizedTensor(const T*, TfLiteIntArray*, float, int, bool) [with T = short int]	32	static
micro_utils.h:69:6:void tflite::Quantize(const float*, T*, int, float, int) [with T = short int]	48	static
reduce_test.cc:68:14:TfLiteStatus tflite::testing::{anonymous}::ValidateReduceGoldens(TfLiteTensor*, int, const T*, T*, int, const TfLiteRegistration&, TfLiteReducerParams*, float) [with T = short int]	384	static
test_helpers.h:199:14:TfLiteTensor tflite::testing::CreateQuantizedTensor(const float*, T*, TfLiteIntArray*, float, int, bool) [with T = unsigned char]	48	static
test_helpers.h:189:14:TfLiteTensor tflite::testing::CreateQuantizedTensor(const T*, TfLiteIntArray*, float, int, bool) [with T = unsigned char]	32	static
micro_utils.h:69:6:void tflite::Quantize(const float*, T*, int, float, int) [with T = unsigned char]	48	static
reduce_test.cc:68:14:TfLiteStatus tflite::testing::{anonymous}::ValidateReduceGoldens(TfLiteTensor*, int, const T*, T*, int, const TfLiteRegistration&, TfLiteReducerParams*, float) [with T = unsigned char]	384	static
test_helpers.h:169:14:TfLiteTensor tflite::testing::CreateTensor(const T*, TfLiteIntArray*, bool) [with T = signed char]	24	static
micro_utils.h:36:3:T tflite::FloatToQuantizedType(float, float, int) [with T = signed char]	48	static
test_helpers.h:169:14:TfLiteTensor tflite::testing::CreateTensor(const T*, TfLiteIntArray*, bool) [with T = short int]	24	static
micro_utils.h:36:3:T tflite::FloatToQuantizedType(float, float, int) [with T = short int]	48	static
test_helpers.h:169:14:TfLiteTensor tflite::testing::CreateTensor(const T*, TfLiteIntArray*, bool) [with T = unsigned char]	24	static
micro_utils.h:36:3:T tflite::FloatToQuantizedType(float, float, int) [with T = unsigned char]	48	static
stl_algobase.h:222:5:constexpr const _Tp& std::max(const _Tp&, const _Tp&) [with _Tp = long int]	16	static
