gthr-default.h:229:1:int __gthread_key_delete(__gthread_key_t)	16	static
portable_type_to_tflitetype.h:65:1:constexpr TfLiteType tflite::typeToTfLiteType() [with T = float]	4	static
portable_type_to_tflitetype.h:67:1:constexpr TfLiteType tflite::typeToTfLiteType() [with T = signed char]	4	static
micro_test.h:78:13:void tflite::InitializeTest()	8	static
space_to_depth_test.cc:29:6:void {anonymous}::ExpectEq(TfLiteIntArray*, TfLiteIntArray*)	40	static
space_to_depth_test.cc:91:1:int main(int, char**)	440	static
mock_micro_graph.h:29:7:tflite::MockMicroGraph::~MockMicroGraph()	16	static
mock_micro_graph.h:29:7:virtual tflite::MockMicroGraph::~MockMicroGraph()	16	static
kernel_runner.h:33:7:tflite::micro::KernelRunner::~KernelRunner()	16	static
space_to_depth_test.cc:58:6:void {anonymous}::TestSpaceToDepth(const {anonymous}::SpaceToDepthTest<T>&) [with T = float]	568	static
space_to_depth_test.cc:58:6:void {anonymous}::TestSpaceToDepth(const {anonymous}::SpaceToDepthTest<T>&) [with T = signed char]	568	static
test_helpers.h:169:14:TfLiteTensor tflite::testing::CreateTensor(const T*, TfLiteIntArray*, bool) [with T = float]	24	static
space_to_depth_test.cc:36:6:void {anonymous}::ExpectNear(const T*, const T*, int, float) [with T = float]	64	static
test_helpers.h:169:14:TfLiteTensor tflite::testing::CreateTensor(const T*, TfLiteIntArray*, bool) [with T = signed char]	24	static
space_to_depth_test.cc:36:6:void {anonymous}::ExpectNear(const T*, const T*, int, float) [with T = signed char]	64	static
