gthr-default.h:229:1:int __gthread_key_delete(__gthread_key_t)	16	static
portable_type_to_tflitetype.h:61:1:constexpr TfLiteType tflite::typeToTfLiteType() [with T = long int]	4	static
portable_type_to_tflitetype.h:65:1:constexpr TfLiteType tflite::typeToTfLiteType() [with T = float]	4	static
micro_test.h:78:13:void tflite::InitializeTest()	8	static
split_v_test.cc:104:1:int main(int, char**)	1432	static
mock_micro_graph.h:29:7:tflite::MockMicroGraph::~MockMicroGraph()	16	static
mock_micro_graph.h:29:7:virtual tflite::MockMicroGraph::~MockMicroGraph()	16	static
kernel_runner.h:33:7:tflite::micro::KernelRunner::~KernelRunner()	16	static
split_v_test.cc:34:6:void tflite::testing::TestSplitVFloat(int*, const float*, int*, const int32_t*, int*, const int32_t*, const tflite::testing::OutputTensors<N>&) [with int N = 3]	952	static
split_v_test.cc:34:6:void tflite::testing::TestSplitVFloat(int*, const float*, int*, const int32_t*, int*, const int32_t*, const tflite::testing::OutputTensors<N>&) [with int N = 2]	880	static
split_v_test.cc:34:6:void tflite::testing::TestSplitVFloat(int*, const float*, int*, const int32_t*, int*, const int32_t*, const tflite::testing::OutputTensors<N>&) [with int N = 8]	1312	static
test_helpers.h:169:14:TfLiteTensor tflite::testing::CreateTensor(const T*, TfLiteIntArray*, bool) [with T = float]	24	static
test_helpers.h:169:14:TfLiteTensor tflite::testing::CreateTensor(const T*, TfLiteIntArray*, bool) [with T = long int]	24	static
