gthr-default.h:229:1:int __gthread_key_delete(__gthread_key_t)	16	static
portable_type_to_tflitetype.h:61:1:constexpr TfLiteType tflite::typeToTfLiteType() [with T = long int]	4	static
portable_type_to_tflitetype.h:63:1:constexpr TfLiteType tflite::typeToTfLiteType() [with T = short int]	4	static
portable_type_to_tflitetype.h:65:1:constexpr TfLiteType tflite::typeToTfLiteType() [with T = float]	4	static
portable_type_to_tflitetype.h:66:1:constexpr TfLiteType tflite::typeToTfLiteType() [with T = unsigned char]	4	static
portable_type_to_tflitetype.h:67:1:constexpr TfLiteType tflite::typeToTfLiteType() [with T = signed char]	4	static
micro_test.h:78:13:void tflite::InitializeTest()	8	static
strided_slice_test.cc:59:6:void tflite::testing::{anonymous}::TestStridedSliceFloat(int*, int*, int*, int*, TfLiteStridedSliceParams*, float*, const int32_t*, const int32_t*, const int32_t*, int*, float*, const float*, bool, int)	400	static
strided_slice_test.cc:126:1:int main(int, char**)	5760	static
test_helpers.h:169:14:TfLiteTensor tflite::testing::CreateTensor(const T*, TfLiteIntArray*, bool) [with T = float]	24	static
test_helpers.h:169:14:TfLiteTensor tflite::testing::CreateTensor(const T*, TfLiteIntArray*, bool) [with T = long int]	24	static
mock_micro_graph.h:29:7:tflite::MockMicroGraph::~MockMicroGraph()	16	static
mock_micro_graph.h:29:7:virtual tflite::MockMicroGraph::~MockMicroGraph()	16	static
kernel_runner.h:33:7:tflite::micro::KernelRunner::~KernelRunner()	16	static
strided_slice_test.cc:29:6:void tflite::testing::{anonymous}::ValidateStridedSliceGoldens(TfLiteTensor*, int, const T*, T*, int, TfLiteStridedSliceParams*, bool, int, float) [with T = float]	440	static
strided_slice_test.cc:90:6:void tflite::testing::{anonymous}::TestStridedSliceQuantized(int*, int*, int*, int*, TfLiteStridedSliceParams*, const T*, const int32_t*, const int32_t*, const int32_t*, int*, T*, const T*, bool, int) [with T = unsigned char]	408	static
strided_slice_test.cc:90:6:void tflite::testing::{anonymous}::TestStridedSliceQuantized(int*, int*, int*, int*, TfLiteStridedSliceParams*, const T*, const int32_t*, const int32_t*, const int32_t*, int*, T*, const T*, bool, int) [with T = signed char]	408	static
strided_slice_test.cc:90:6:void tflite::testing::{anonymous}::TestStridedSliceQuantized(int*, int*, int*, int*, TfLiteStridedSliceParams*, const T*, const int32_t*, const int32_t*, const int32_t*, int*, T*, const T*, bool, int) [with T = short int]	408	static
test_helpers.h:189:14:TfLiteTensor tflite::testing::CreateQuantizedTensor(const T*, TfLiteIntArray*, float, int, bool) [with T = unsigned char]	32	static
strided_slice_test.cc:29:6:void tflite::testing::{anonymous}::ValidateStridedSliceGoldens(TfLiteTensor*, int, const T*, T*, int, TfLiteStridedSliceParams*, bool, int, float) [with T = unsigned char]	432	static
test_helpers.h:189:14:TfLiteTensor tflite::testing::CreateQuantizedTensor(const T*, TfLiteIntArray*, float, int, bool) [with T = signed char]	32	static
strided_slice_test.cc:29:6:void tflite::testing::{anonymous}::ValidateStridedSliceGoldens(TfLiteTensor*, int, const T*, T*, int, TfLiteStridedSliceParams*, bool, int, float) [with T = signed char]	432	static
test_helpers.h:189:14:TfLiteTensor tflite::testing::CreateQuantizedTensor(const T*, TfLiteIntArray*, float, int, bool) [with T = short int]	32	static
strided_slice_test.cc:29:6:void tflite::testing::{anonymous}::ValidateStridedSliceGoldens(TfLiteTensor*, int, const T*, T*, int, TfLiteStridedSliceParams*, bool, int, float) [with T = short int]	432	static
test_helpers.h:169:14:TfLiteTensor tflite::testing::CreateTensor(const T*, TfLiteIntArray*, bool) [with T = unsigned char]	24	static
test_helpers.h:169:14:TfLiteTensor tflite::testing::CreateTensor(const T*, TfLiteIntArray*, bool) [with T = signed char]	24	static
test_helpers.h:169:14:TfLiteTensor tflite::testing::CreateTensor(const T*, TfLiteIntArray*, bool) [with T = short int]	24	static
