gthr-default.h:229:1:int __gthread_key_delete(__gthread_key_t)	16	static
portable_type_to_tflitetype.h:61:1:constexpr TfLiteType tflite::typeToTfLiteType() [with T = long int]	4	static
portable_type_to_tflitetype.h:65:1:constexpr TfLiteType tflite::typeToTfLiteType() [with T = float]	4	static
portable_type_to_tflitetype.h:66:1:constexpr TfLiteType tflite::typeToTfLiteType() [with T = unsigned char]	4	static
micro_test.h:78:13:void tflite::InitializeTest()	8	static
kernel_runner.h:33:7:tflite::micro::KernelRunner::~KernelRunner()	16	static
unpack_test.cc:26:6:void tflite::testing::TestUnpackThreeOutputsFloat(int*, const float*, int, int*, const float*, int*, const float*, int*, const float*, float*, float*, float*)	768	static
unpack_test.cc:93:6:void tflite::testing::TestUnpackOneOutputFloat(int*, const float*, int, int*, const float*, float*)	576	static
unpack_test.cc:135:6:void tflite::testing::TestUnpackThreeOutputsQuantized(int*, const uint8_t*, int, int*, const uint8_t*, int*, const uint8_t*, int*, const uint8_t*, uint8_t*, uint8_t*, uint8_t*)	736	static
unpack_test.cc:205:6:void tflite::testing::TestUnpackThreeOutputsQuantized32(int*, const int32_t*, int, int*, const int32_t*, int*, const int32_t*, int*, const int32_t*, int32_t*, int32_t*, int32_t*)	752	static
unpack_test.cc:275:1:int main(int, char**)	592	static
test_helpers.h:169:14:TfLiteTensor tflite::testing::CreateTensor(const T*, TfLiteIntArray*, bool) [with T = float]	24	static
test_helpers.h:189:14:TfLiteTensor tflite::testing::CreateQuantizedTensor(const T*, TfLiteIntArray*, float, int, bool) [with T = unsigned char]	32	static
test_helpers.h:169:14:TfLiteTensor tflite::testing::CreateTensor(const T*, TfLiteIntArray*, bool) [with T = long int]	24	static
test_helpers.h:169:14:TfLiteTensor tflite::testing::CreateTensor(const T*, TfLiteIntArray*, bool) [with T = unsigned char]	24	static
mock_micro_graph.h:29:7:tflite::MockMicroGraph::~MockMicroGraph()	16	static
mock_micro_graph.h:29:7:virtual tflite::MockMicroGraph::~MockMicroGraph()	16	static
