gthr-default.h:229:1:int __gthread_key_delete(__gthread_key_t)	16	static
flatbuffers.h:75:13:void flatbuffers::EndianCheck()	16	static
schema_generated.h:18219:29:const tflite::Model* tflite::GetModel(const void*)	16	static
stl_vector.h:285:7:std::_Vector_base<_Tp, _Alloc>::_Vector_base() [with _Tp = std::unique_ptr<TfLiteDelegate, void (*)(TfLiteDelegate*)>; _Alloc = std::allocator<std::unique_ptr<TfLiteDelegate, void (*)(TfLiteDelegate*)> >]	16	static
stl_vector.h:484:7:std::vector<_Tp, _Alloc>::vector() [with _Tp = std::unique_ptr<TfLiteDelegate, void (*)(TfLiteDelegate*)>; _Alloc = std::allocator<std::unique_ptr<TfLiteDelegate, void (*)(TfLiteDelegate*)> >]	16	static
op_resolver.h:44:35:virtual tflite::OpResolver::TfLiteDelegatePtrVector tflite::OpResolver::GetDelegates(int) const	24	static
op_resolver.h:48:11:tflite::OpResolver::~OpResolver()	16	static
op_resolver.h:48:11:virtual tflite::OpResolver::~OpResolver()	16	static
op_resolver.h:62:16:virtual bool tflite::OpResolver::MayContainUserDefinedOps() const	16	static
micro_op_resolver.h:53:29:virtual const TfLiteRegistration* tflite::MicroOpResolver::FindOp(tflite::BuiltinOperator, int) const	24	static
micro_op_resolver.h:60:29:virtual const TfLiteRegistration* tflite::MicroOpResolver::FindOp(const char*, int) const	24	static
micro_op_resolver.h:68:3:tflite::MicroOpResolver::~MicroOpResolver()	16	static
micro_op_resolver.h:68:3:virtual tflite::MicroOpResolver::~MicroOpResolver()	16	static
micro_interpreter.h:128:25:const tflite::MicroAllocator& tflite::MicroInterpreter::allocator() const	16	static
recording_micro_interpreter.h:37:3:tflite::RecordingMicroInterpreter::RecordingMicroInterpreter(const tflite::Model*, const tflite::MicroOpResolver&, uint8_t*, size_t, tflite::ErrorReporter*, tflite::MicroProfiler*)	40	static
recording_micro_interpreter.h:56:34:const tflite::RecordingMicroAllocator& tflite::RecordingMicroInterpreter::GetMicroAllocator() const	16	static
micro_test.h:78:13:void tflite::InitializeTest()	8	static
memory_arena_threshold_test.cc:104:6:void {anonymous}::EnsureAllocatedSizeThreshold(const char*, size_t, size_t)	24	static
memory_arena_threshold_test.cc:123:6:void {anonymous}::ValidateModelAllocationThresholds(const tflite::RecordingMicroAllocator&, const {anonymous}::ModelAllocationThresholds&)	96	static
recording_micro_interpreter.h:35:7:tflite::RecordingMicroInterpreter::~RecordingMicroInterpreter()	16	static
memory_arena_threshold_test.cc:193:1:int main(int, char**)	4992	static
base.h:390:24:T flatbuffers::EndianScalar(T) [with T = long unsigned int]	16	static
flatbuffers.h:2104:31:const T* flatbuffers::GetRoot(const void*) [with T = tflite::Model]	16	static
stl_vector.h:128:2:std::_Vector_base<_Tp, _Alloc>::_Vector_impl::_Vector_impl() [with _Tp = std::unique_ptr<TfLiteDelegate, void (*)(TfLiteDelegate*)>; _Alloc = std::allocator<std::unique_ptr<TfLiteDelegate, void (*)(TfLiteDelegate*)> >]	16	static
flatbuffers.h:2097:25:T* flatbuffers::GetMutableRoot(void*) [with T = tflite::Model]	16	static
allocator.h:138:7:std::allocator< <template-parameter-1-1> >::allocator() [with _Tp = std::unique_ptr<TfLiteDelegate, void (*)(TfLiteDelegate*)>]	16	static
stl_vector.h:94:2:std::_Vector_base<_Tp, _Alloc>::_Vector_impl_data::_Vector_impl_data() [with _Tp = std::unique_ptr<TfLiteDelegate, void (*)(TfLiteDelegate*)>; _Alloc = std::allocator<std::unique_ptr<TfLiteDelegate, void (*)(TfLiteDelegate*)> >]	16	static
new_allocator.h:80:7:__gnu_cxx::new_allocator<_Tp>::new_allocator() [with _Tp = std::unique_ptr<TfLiteDelegate, void (*)(TfLiteDelegate*)>]	16	static
micro_mutable_op_resolver.h:39:7:tflite::MicroMutableOpResolver<128>::~MicroMutableOpResolver()	16	static
micro_mutable_op_resolver.h:39:7:virtual tflite::MicroMutableOpResolver<128>::~MicroMutableOpResolver()	16	static
all_ops_resolver.h:28:7:tflite::AllOpsResolver::~AllOpsResolver()	16	static
all_ops_resolver.h:28:7:virtual tflite::AllOpsResolver::~AllOpsResolver()	16	static
micro_mutable_op_resolver.h:46:29:const TfLiteRegistration* tflite::MicroMutableOpResolver<tOpCount>::FindOp(tflite::BuiltinOperator) const [with unsigned int tOpCount = 128]	24	static
micro_mutable_op_resolver.h:58:29:const TfLiteRegistration* tflite::MicroMutableOpResolver<tOpCount>::FindOp(const char*) const [with unsigned int tOpCount = 128]	24	static
micro_mutable_op_resolver.h:69:41:TfLiteStatus (* tflite::MicroMutableOpResolver<tOpCount>::GetOpDataParser(tflite::BuiltinOperator) const)(const tflite::Operator*, tflite::ErrorReporter*, tflite::BuiltinDataAllocator*, void**) [with unsigned int tOpCount = 128]	24	static
