gthr-default.h:229:1:int __gthread_key_delete(__gthread_key_t)	16	static
limits:525:7:static constexpr signed char std::numeric_limits<signed char>::min()	4	static
limits:528:7:static constexpr signed char std::numeric_limits<signed char>::max()	4	static
portable_type_to_tflitetype.h:65:1:constexpr TfLiteType tflite::typeToTfLiteType() [with T = float]	4	static
portable_type_to_tflitetype.h:67:1:constexpr TfLiteType tflite::typeToTfLiteType() [with T = signed char]	4	static
micro_test.h:78:13:void tflite::InitializeTest()	8	static
fully_connected_test.cc:264:14:TfLiteStatus tflite::testing::{anonymous}::TestFullyConnectedFloat(int*, const float*, int*, const float*, int*, const float*, const float*, int*, TfLiteFusedActivation, float*)	328	static
fully_connected_test.cc:332:1:int main(int, char**)	1752	static
stl_algobase.h:198:5:constexpr const _Tp& std::min(const _Tp&, const _Tp&) [with _Tp = long int]	16	static
test_helpers.h:169:14:TfLiteTensor tflite::testing::CreateTensor(const T*, TfLiteIntArray*, bool) [with T = float]	24	static
mock_micro_graph.h:29:7:tflite::MockMicroGraph::~MockMicroGraph()	16	static
mock_micro_graph.h:29:7:virtual tflite::MockMicroGraph::~MockMicroGraph()	16	static
kernel_runner.h:33:7:tflite::micro::KernelRunner::~KernelRunner()	16	static
fully_connected_test.cc:230:14:TfLiteStatus tflite::testing::{anonymous}::ValidateFullyConnectedGoldens(TfLiteTensor*, int, TfLiteFusedActivation, float, int, const T*, T*) [with T = float]	432	static
fully_connected_test.cc:291:14:TfLiteStatus tflite::testing::{anonymous}::TestFullyConnectedQuantized(int*, const float*, T*, float, int, int*, const float*, T*, float, int, int*, const float*, int32_t*, const float*, T*, int*, float, int, TfLiteFusedActivation, T*) [with T = signed char]	344	static
test_helpers.h:199:14:TfLiteTensor tflite::testing::CreateQuantizedTensor(const float*, T*, TfLiteIntArray*, float, int, bool) [with T = signed char]	48	static
test_helpers.h:189:14:TfLiteTensor tflite::testing::CreateQuantizedTensor(const T*, TfLiteIntArray*, float, int, bool) [with T = signed char]	32	static
micro_utils.h:69:6:void tflite::Quantize(const float*, T*, int, float, int) [with T = signed char]	48	static
fully_connected_test.cc:230:14:TfLiteStatus tflite::testing::{anonymous}::ValidateFullyConnectedGoldens(TfLiteTensor*, int, TfLiteFusedActivation, float, int, const T*, T*) [with T = signed char]	424	static
test_helpers.h:169:14:TfLiteTensor tflite::testing::CreateTensor(const T*, TfLiteIntArray*, bool) [with T = signed char]	24	static
micro_utils.h:36:3:T tflite::FloatToQuantizedType(float, float, int) [with T = signed char]	48	static
stl_algobase.h:222:5:constexpr const _Tp& std::max(const _Tp&, const _Tp&) [with _Tp = long int]	16	static
