error_reporter.h:37:11:tflite::ErrorReporter::~ErrorReporter()	16	static
error_reporter.h:37:11:virtual tflite::ErrorReporter::~ErrorReporter()	16	static
gthr-default.h:229:1:int __gthread_key_delete(__gthread_key_t)	16	static
stl_vector.h:285:7:std::_Vector_base<_Tp, _Alloc>::_Vector_base() [with _Tp = std::unique_ptr<TfLiteDelegate, void (*)(TfLiteDelegate*)>; _Alloc = std::allocator<std::unique_ptr<TfLiteDelegate, void (*)(TfLiteDelegate*)> >]	16	static
stl_vector.h:484:7:std::vector<_Tp, _Alloc>::vector() [with _Tp = std::unique_ptr<TfLiteDelegate, void (*)(TfLiteDelegate*)>; _Alloc = std::allocator<std::unique_ptr<TfLiteDelegate, void (*)(TfLiteDelegate*)> >]	16	static
op_resolver.h:44:35:virtual tflite::OpResolver::TfLiteDelegatePtrVector tflite::OpResolver::GetDelegates(int) const	24	static
op_resolver.h:48:11:tflite::OpResolver::~OpResolver()	16	static
op_resolver.h:48:11:virtual tflite::OpResolver::~OpResolver()	16	static
op_resolver.h:62:16:virtual bool tflite::OpResolver::MayContainUserDefinedOps() const	16	static
micro_op_resolver.h:53:29:virtual const TfLiteRegistration* tflite::MicroOpResolver::FindOp(tflite::BuiltinOperator, int) const	24	static
micro_op_resolver.h:60:29:virtual const TfLiteRegistration* tflite::MicroOpResolver::FindOp(const char*, int) const	24	static
micro_op_resolver.h:68:3:tflite::MicroOpResolver::~MicroOpResolver()	16	static
micro_op_resolver.h:68:3:virtual tflite::MicroOpResolver::~MicroOpResolver()	16	static
mock_micro_graph.h:43:7:int tflite::MockMicroGraph::get_invoke_count(int) const	16	static
kernel_runner.h:51:19:tflite::MockMicroGraph* tflite::micro::KernelRunner::GetMockGraph()	16	static
portable_type_to_tflitetype.h:65:1:constexpr TfLiteType tflite::typeToTfLiteType() [with T = float]	4	static
portable_type_to_tflitetype.h:68:1:constexpr TfLiteType tflite::typeToTfLiteType() [with T = bool]	4	static
micro_error_reporter.h:40:3:tflite::MicroErrorReporter::~MicroErrorReporter()	16	static
micro_error_reporter.h:40:3:virtual tflite::MicroErrorReporter::~MicroErrorReporter()	16	static
micro_test.h:78:13:void tflite::InitializeTest()	8	static
kernel_runner.h:33:7:tflite::micro::KernelRunner::~KernelRunner()	16	static
if_test.cc:29:6:void tflite::testing::{anonymous}::TestIf(int*, const bool*, int*, const float*, int*, const float*, int, int, float*)	664	static
if_test.cc:79:1:int main(int, char**)	5552	static
stl_vector.h:128:2:std::_Vector_base<_Tp, _Alloc>::_Vector_impl::_Vector_impl() [with _Tp = std::unique_ptr<TfLiteDelegate, void (*)(TfLiteDelegate*)>; _Alloc = std::allocator<std::unique_ptr<TfLiteDelegate, void (*)(TfLiteDelegate*)> >]	16	static
test_helpers.h:169:14:TfLiteTensor tflite::testing::CreateTensor(const T*, TfLiteIntArray*, bool) [with T = bool]	24	static
test_helpers.h:169:14:TfLiteTensor tflite::testing::CreateTensor(const T*, TfLiteIntArray*, bool) [with T = float]	24	static
op_resolver.h:30:7:constexpr tflite::OpResolver::OpResolver()	16	static
micro_op_resolver.h:35:7:constexpr tflite::MicroOpResolver::MicroOpResolver()	16	static
micro_mutable_op_resolver.h:43:12:tflite::MicroMutableOpResolver<tOpCount>::MicroMutableOpResolver(tflite::ErrorReporter*) [with unsigned int tOpCount = 3]	16	static
micro_mutable_op_resolver.h:285:16:TfLiteStatus tflite::MicroMutableOpResolver<tOpCount>::AddIf() [with unsigned int tOpCount = 3]	48	static
micro_mutable_op_resolver.h:122:16:TfLiteStatus tflite::MicroMutableOpResolver<tOpCount>::AddAdd() [with unsigned int tOpCount = 3]	48	static
micro_mutable_op_resolver.h:362:16:TfLiteStatus tflite::MicroMutableOpResolver<tOpCount>::AddMul() [with unsigned int tOpCount = 3]	48	static
allocator.h:138:7:std::allocator< <template-parameter-1-1> >::allocator() [with _Tp = std::unique_ptr<TfLiteDelegate, void (*)(TfLiteDelegate*)>]	16	static
stl_vector.h:94:2:std::_Vector_base<_Tp, _Alloc>::_Vector_impl_data::_Vector_impl_data() [with _Tp = std::unique_ptr<TfLiteDelegate, void (*)(TfLiteDelegate*)>; _Alloc = std::allocator<std::unique_ptr<TfLiteDelegate, void (*)(TfLiteDelegate*)> >]	16	static
micro_mutable_op_resolver.h:534:16:TfLiteStatus tflite::MicroMutableOpResolver<tOpCount>::AddBuiltin(tflite::BuiltinOperator, const TfLiteRegistration&, tflite::MicroOpResolver::BuiltinParseFunction) [with unsigned int tOpCount = 3]	32	static
new_allocator.h:80:7:__gnu_cxx::new_allocator<_Tp>::new_allocator() [with _Tp = std::unique_ptr<TfLiteDelegate, void (*)(TfLiteDelegate*)>]	16	static
micro_mutable_op_resolver.h:46:29:const TfLiteRegistration* tflite::MicroMutableOpResolver<tOpCount>::FindOp(tflite::BuiltinOperator) const [with unsigned int tOpCount = 3]	24	static
micro_mutable_op_resolver.h:39:7:tflite::MicroMutableOpResolver<3>::~MicroMutableOpResolver()	16	static
micro_mutable_op_resolver.h:39:7:virtual tflite::MicroMutableOpResolver<3>::~MicroMutableOpResolver()	16	static
mock_micro_graph.h:29:7:tflite::MockMicroGraph::~MockMicroGraph()	16	static
mock_micro_graph.h:29:7:virtual tflite::MockMicroGraph::~MockMicroGraph()	16	static
micro_mutable_op_resolver.h:58:29:const TfLiteRegistration* tflite::MicroMutableOpResolver<tOpCount>::FindOp(const char*) const [with unsigned int tOpCount = 3]	24	static
micro_mutable_op_resolver.h:69:41:TfLiteStatus (* tflite::MicroMutableOpResolver<tOpCount>::GetOpDataParser(tflite::BuiltinOperator) const)(const tflite::Operator*, tflite::ErrorReporter*, tflite::BuiltinDataAllocator*, void**) [with unsigned int tOpCount = 3]	24	static
