gthr-default.h:229:1:int __gthread_key_delete(__gthread_key_t)	16	static
limits:525:7:static constexpr signed char std::numeric_limits<signed char>::min()	4	static
limits:528:7:static constexpr signed char std::numeric_limits<signed char>::max()	4	static
limits:595:7:static constexpr unsigned char std::numeric_limits<unsigned char>::min()	4	static
limits:598:7:static constexpr unsigned char std::numeric_limits<unsigned char>::max()	4	static
portable_type_to_tflitetype.h:65:1:constexpr TfLiteType tflite::typeToTfLiteType() [with T = float]	4	static
portable_type_to_tflitetype.h:66:1:constexpr TfLiteType tflite::typeToTfLiteType() [with T = unsigned char]	4	static
portable_type_to_tflitetype.h:67:1:constexpr TfLiteType tflite::typeToTfLiteType() [with T = signed char]	4	static
micro_test.h:78:13:void tflite::InitializeTest()	8	static
l2norm_test.cc:33:14:TfLiteTensor tflite::testing::{anonymous}::CreateL2NormTensor(const float*, TfLiteIntArray*, bool)	24	static
l2norm_test.cc:96:1:int main(int, char**)	896	static
test_helpers.h:169:14:TfLiteTensor tflite::testing::CreateTensor(const T*, TfLiteIntArray*, bool) [with T = float]	24	static
mock_micro_graph.h:29:7:tflite::MockMicroGraph::~MockMicroGraph()	16	static
mock_micro_graph.h:29:7:virtual tflite::MockMicroGraph::~MockMicroGraph()	16	static
kernel_runner.h:33:7:tflite::micro::KernelRunner::~KernelRunner()	16	static
l2norm_test.cc:57:6:void tflite::testing::{anonymous}::TestL2Normalization(int*, const T*, const T*, T*) [with T = float]	552	static
l2norm_test.cc:57:6:void tflite::testing::{anonymous}::TestL2Normalization(int*, const T*, const T*, T*) [with T = unsigned char]	544	static
l2norm_test.cc:57:6:void tflite::testing::{anonymous}::TestL2Normalization(int*, const T*, const T*, T*) [with T = signed char]	544	static
l2norm_test.cc:39:14:TfLiteTensor tflite::testing::{anonymous}::CreateL2NormTensor(const T*, TfLiteIntArray*, bool) [with T = unsigned char]	120	static
l2norm_test.cc:39:14:TfLiteTensor tflite::testing::{anonymous}::CreateL2NormTensor(const T*, TfLiteIntArray*, bool) [with T = signed char]	120	static
test_helpers.h:249:14:float tflite::testing::ScaleFromMinMax(float, float) [with T = unsigned char]	32	static
test_helpers.h:257:12:int tflite::testing::ZeroPointFromMinMax(float, float) [with T = unsigned char]	32	static
test_helpers.h:189:14:TfLiteTensor tflite::testing::CreateQuantizedTensor(const T*, TfLiteIntArray*, float, int, bool) [with T = unsigned char]	32	static
test_helpers.h:249:14:float tflite::testing::ScaleFromMinMax(float, float) [with T = signed char]	32	static
test_helpers.h:257:12:int tflite::testing::ZeroPointFromMinMax(float, float) [with T = signed char]	32	static
test_helpers.h:189:14:TfLiteTensor tflite::testing::CreateQuantizedTensor(const T*, TfLiteIntArray*, float, int, bool) [with T = signed char]	32	static
test_helpers.h:169:14:TfLiteTensor tflite::testing::CreateTensor(const T*, TfLiteIntArray*, bool) [with T = unsigned char]	24	static
test_helpers.h:169:14:TfLiteTensor tflite::testing::CreateTensor(const T*, TfLiteIntArray*, bool) [with T = signed char]	24	static
