limits:525:7:static constexpr signed char std::numeric_limits<signed char>::min()	4	static
limits:528:7:static constexpr signed char std::numeric_limits<signed char>::max()	4	static
limits:925:7:static constexpr short int std::numeric_limits<short int>::min()	4	static
limits:928:7:static constexpr short int std::numeric_limits<short int>::max()	4	static
gthr-default.h:229:1:int __gthread_key_delete(__gthread_key_t)	16	static
portable_type_to_tflitetype.h:63:1:constexpr TfLiteType tflite::typeToTfLiteType() [with T = short int]	4	static
portable_type_to_tflitetype.h:65:1:constexpr TfLiteType tflite::typeToTfLiteType() [with T = float]	4	static
portable_type_to_tflitetype.h:67:1:constexpr TfLiteType tflite::typeToTfLiteType() [with T = signed char]	4	static
micro_test.h:78:13:void tflite::InitializeTest()	8	static
kernel_runner.h:33:7:tflite::micro::KernelRunner::~KernelRunner()	16	static
leaky_relu_test.cc:43:6:void tflite::testing::{anonymous}::ExecuteLeakyReluTest(float, int, TfLiteTensor*)	400	static
leaky_relu_test.cc:172:1:int main(int, char**)	408	static
stl_algobase.h:198:5:constexpr const _Tp& std::min(const _Tp&, const _Tp&) [with _Tp = long int]	16	static
leaky_relu_test.cc:82:6:void tflite::testing::{anonymous}::TestLeakyReluQuantized(const tflite::testing::{anonymous}::TestLeakyReluParams<T>&, int*, const float*, int*, const float*, float*) [with T = signed char]	216	static
leaky_relu_test.cc:126:6:void tflite::testing::{anonymous}::QuantizedActivationsOpTestLeakyRelu() [with integer_dtype = signed char]	440	static
leaky_relu_test.cc:82:6:void tflite::testing::{anonymous}::TestLeakyReluQuantized(const tflite::testing::{anonymous}::TestLeakyReluParams<T>&, int*, const float*, int*, const float*, float*) [with T = short int]	216	static
leaky_relu_test.cc:126:6:void tflite::testing::{anonymous}::QuantizedActivationsOpTestLeakyRelu() [with integer_dtype = short int]	488	static
leaky_relu_test.cc:62:6:void tflite::testing::{anonymous}::TestLeakyRelu(const tflite::testing::{anonymous}::TestLeakyReluParams<T>&, int*, const T*, int*, const T*, T*) [with T = float]	192	static
test_helpers.h:199:14:TfLiteTensor tflite::testing::CreateQuantizedTensor(const float*, T*, TfLiteIntArray*, float, int, bool) [with T = signed char]	48	static
test_helpers.h:189:14:TfLiteTensor tflite::testing::CreateQuantizedTensor(const T*, TfLiteIntArray*, float, int, bool) [with T = signed char]	32	static
micro_utils.h:128:6:void tflite::Dequantize(const T*, int, float, int, float*) [with T = signed char]	40	static
test_helpers.h:249:14:float tflite::testing::ScaleFromMinMax(float, float) [with T = signed char]	32	static
test_helpers.h:257:12:int tflite::testing::ZeroPointFromMinMax(float, float) [with T = signed char]	32	static
test_helpers.h:199:14:TfLiteTensor tflite::testing::CreateQuantizedTensor(const float*, T*, TfLiteIntArray*, float, int, bool) [with T = short int]	48	static
test_helpers.h:189:14:TfLiteTensor tflite::testing::CreateQuantizedTensor(const T*, TfLiteIntArray*, float, int, bool) [with T = short int]	32	static
micro_utils.h:128:6:void tflite::Dequantize(const T*, int, float, int, float*) [with T = short int]	40	static
test_helpers.h:249:14:float tflite::testing::ScaleFromMinMax(float, float) [with T = short int]	32	static
test_helpers.h:257:12:int tflite::testing::ZeroPointFromMinMax(float, float) [with T = short int]	32	static
test_helpers.h:169:14:TfLiteTensor tflite::testing::CreateTensor(const T*, TfLiteIntArray*, bool) [with T = float]	24	static
micro_utils.h:69:6:void tflite::Quantize(const float*, T*, int, float, int) [with T = signed char]	48	static
test_helpers.h:169:14:TfLiteTensor tflite::testing::CreateTensor(const T*, TfLiteIntArray*, bool) [with T = signed char]	24	static
micro_utils.h:69:6:void tflite::Quantize(const float*, T*, int, float, int) [with T = short int]	48	static
test_helpers.h:169:14:TfLiteTensor tflite::testing::CreateTensor(const T*, TfLiteIntArray*, bool) [with T = short int]	24	static
micro_utils.h:36:3:T tflite::FloatToQuantizedType(float, float, int) [with T = signed char]	48	static
micro_utils.h:36:3:T tflite::FloatToQuantizedType(float, float, int) [with T = short int]	48	static
stl_algobase.h:222:5:constexpr const _Tp& std::max(const _Tp&, const _Tp&) [with _Tp = long int]	16	static
mock_micro_graph.h:29:7:tflite::MockMicroGraph::~MockMicroGraph()	16	static
mock_micro_graph.h:29:7:virtual tflite::MockMicroGraph::~MockMicroGraph()	16	static
