gthr-default.h:229:1:int __gthread_key_delete(__gthread_key_t)	16	static
portable_type_to_tflitetype.h:68:1:constexpr TfLiteType tflite::typeToTfLiteType() [with T = bool]	4	static
micro_test.h:78:13:void tflite::InitializeTest()	8	static
kernel_runner.h:33:7:tflite::micro::KernelRunner::~KernelRunner()	16	static
logical_test.cc:27:6:void tflite::testing::{anonymous}::TestLogicalOp(const TfLiteRegistration&, int*, const bool*, int*, const bool*, int*, const bool*, bool*)	600	static
logical_test.cc:68:1:int main(int, char**)	352	static
test_helpers.h:169:14:TfLiteTensor tflite::testing::CreateTensor(const T*, TfLiteIntArray*, bool) [with T = bool]	24	static
mock_micro_graph.h:29:7:tflite::MockMicroGraph::~MockMicroGraph()	16	static
mock_micro_graph.h:29:7:virtual tflite::MockMicroGraph::~MockMicroGraph()	16	static
