limits:525:7:static constexpr signed char std::numeric_limits<signed char>::min()	4	static
limits:528:7:static constexpr signed char std::numeric_limits<signed char>::max()	4	static
limits:1668:7:static constexpr float std::numeric_limits<float>::max()	4	static
limits:1672:7:static constexpr float std::numeric_limits<float>::lowest()	4	static
gthr-default.h:229:1:int __gthread_key_delete(__gthread_key_t)	16	static
types.h:202:3:tflite::RuntimeShape::~RuntimeShape()	16	static
types.h:212:18:int32_t tflite::RuntimeShape::DimensionsCount() const	16	static
types.h:213:18:int32_t tflite::RuntimeShape::Dims(int) const	16	static
types.h:235:25:const int32_t* tflite::RuntimeShape::DimsDataUpTo5D() const	16	static
types.h:403:12:int tflite::Offset(const tflite::RuntimeShape&, int, int, int, int)	32	static
types.h:470:12:int tflite::MatchingDim(const tflite::RuntimeShape&, int, const tflite::RuntimeShape&, int)	40	static
stl_algobase.h:198:5:constexpr const _Tp& std::min(const _Tp&, const _Tp&) [with _Tp = int]	16	static
pooling.h:24:13:bool tflite::reference_integer_ops::AveragePool(const tflite::PoolParams&, const tflite::RuntimeShape&, const int8_t*, const tflite::RuntimeShape&, int8_t*)	160	static
pooling.h:84:13:void tflite::reference_integer_ops::MaxPool(const tflite::PoolParams&, const tflite::RuntimeShape&, const int8_t*, const tflite::RuntimeShape&, int8_t*)	160	static
pooling.h:26:13:bool tflite::reference_ops::AveragePool(const tflite::PoolParams&, const tflite::RuntimeShape&, const float*, const tflite::RuntimeShape&, float*)	176	static
pooling.h:194:13:void tflite::reference_ops::MaxPool(const tflite::PoolParams&, const tflite::RuntimeShape&, const float*, const tflite::RuntimeShape&, float*)	176	static
kernel_util.h:148:12:int tflite::SizeOfDimension(const TfLiteTensor*, int)	16	static
padding.h:32:12:int tflite::ComputePaddingWithOffset(int, int, int, int, int, int*)	32	static
padding.h:44:12:int tflite::ComputeOutSize(TfLitePadding, int, int, int, int)	32	static
padding.h:62:28:TfLitePaddingValues tflite::ComputePaddingHeightWidth(int, int, int, int, int, int, int, int, TfLitePadding, int*, int*)	40	static
pooling_common.cc:30:14:TfLiteStatus tflite::CalculateOpDataPooling(const TfLiteContext*, const TfLitePoolParams*, const TfLiteTensor*, const TfLiteTensor*, tflite::OpDataPooling*)	112	static
pooling_common.cc:50:14:TfLiteStatus tflite::PoolingPrepare(TfLiteContext*, TfLiteNode*)	56	static
pooling_common.cc:77:6:void tflite::AveragePoolingEvalFloat(const TfLiteContext*, const TfLiteNode*, const TfLitePoolParams*, const tflite::OpDataPooling*, const TfLiteEvalTensor*, TfLiteEvalTensor*)	136	static
pooling_common.cc:98:6:void tflite::AveragePoolingEvalQuantized(TfLiteContext*, const TfLiteNode*, const TfLitePoolParams*, const tflite::OpDataPooling*, const TfLiteEvalTensor*, TfLiteEvalTensor*)	136	static
pooling_common.cc:122:6:void tflite::MaxPoolingEvalFloat(TfLiteContext*, TfLiteNode*, TfLitePoolParams*, const tflite::OpDataPooling*, const TfLiteEvalTensor*, TfLiteEvalTensor*)	136	static
pooling_common.cc:141:6:void tflite::MaxPoolingEvalQuantized(TfLiteContext*, TfLiteNode*, TfLitePoolParams*, const tflite::OpDataPooling*, const TfLiteEvalTensor*, TfLiteEvalTensor*)	136	static
stl_algobase.h:222:5:constexpr const _Tp& std::max(const _Tp&, const _Tp&) [with _Tp = long int]	16	static
stl_algobase.h:198:5:constexpr const _Tp& std::min(const _Tp&, const _Tp&) [with _Tp = long int]	16	static
common.h:59:10:T tflite::ActivationFunctionWithMinMax(T, T, T) [with T = float]	24	static
stl_algobase.h:222:5:constexpr const _Tp& std::max(const _Tp&, const _Tp&) [with _Tp = float]	16	static
stl_algobase.h:198:5:constexpr const _Tp& std::min(const _Tp&, const _Tp&) [with _Tp = float]	16	static
stl_algobase.h:222:5:constexpr const _Tp& std::max(const _Tp&, const _Tp&) [with _Tp = int]	16	static
stl_algobase.h:222:5:constexpr const _Tp& std::max(const _Tp&, const _Tp&) [with _Tp = signed char]	16	static
stl_algobase.h:198:5:constexpr const _Tp& std::min(const _Tp&, const _Tp&) [with _Tp = signed char]	16	static
kernel_util.h:254:6:void tflite::CalculateActivationRange(TfLiteFusedActivation, T*, T*) [with T = float]	24	static
kernel_util.h:61:10:const T* tflite::micro::GetTensorData(const TfLiteEvalTensor*) [with T = float]	16	static
kernel_util.h:55:4:T* tflite::micro::GetTensorData(TfLiteEvalTensor*) [with T = float]	16	static
kernel_util.h:61:10:const T* tflite::micro::GetTensorData(const TfLiteEvalTensor*) [with T = signed char]	16	static
kernel_util.h:55:4:T* tflite::micro::GetTensorData(TfLiteEvalTensor*) [with T = signed char]	16	static
