gthr-default.h:229:1:int __gthread_key_delete(__gthread_key_t)	16	static
portable_type_to_tflitetype.h:61:1:constexpr TfLiteType tflite::typeToTfLiteType() [with T = long int]	4	static
portable_type_to_tflitetype.h:65:1:constexpr TfLiteType tflite::typeToTfLiteType() [with T = float]	4	static
portable_type_to_tflitetype.h:67:1:constexpr TfLiteType tflite::typeToTfLiteType() [with T = signed char]	4	static
micro_test.h:78:13:void tflite::InitializeTest()	8	static
resize_bilinear_test.cc:26:14:TfLiteTensor tflite::testing::{anonymous}::TestCreateTensor(const float*, TfLiteIntArray*)	24	static
resize_bilinear_test.cc:30:14:TfLiteTensor tflite::testing::{anonymous}::TestCreateTensor(const int8_t*, TfLiteIntArray*)	32	static
resize_bilinear_test.cc:95:1:int main(int, char**)	968	static
test_helpers.h:169:14:TfLiteTensor tflite::testing::CreateTensor(const T*, TfLiteIntArray*, bool) [with T = float]	24	static
test_helpers.h:189:14:TfLiteTensor tflite::testing::CreateQuantizedTensor(const T*, TfLiteIntArray*, float, int, bool) [with T = signed char]	32	static
resize_bilinear_test.cc:61:6:void tflite::testing::{anonymous}::TestResizeBilinear(int*, const T*, const int32_t*, const T*, int*, T*, TfLiteResizeBilinearParams*, float) [with T = float]	336	static
resize_bilinear_test.cc:61:6:void tflite::testing::{anonymous}::TestResizeBilinear(int*, const T*, const int32_t*, const T*, int*, T*, TfLiteResizeBilinearParams*, float) [with T = signed char]	336	static
test_helpers.h:169:14:TfLiteTensor tflite::testing::CreateTensor(const T*, TfLiteIntArray*, bool) [with T = signed char]	24	static
test_helpers.h:169:14:TfLiteTensor tflite::testing::CreateTensor(const T*, TfLiteIntArray*, bool) [with T = long int]	24	static
mock_micro_graph.h:29:7:tflite::MockMicroGraph::~MockMicroGraph()	16	static
mock_micro_graph.h:29:7:virtual tflite::MockMicroGraph::~MockMicroGraph()	16	static
kernel_runner.h:33:7:tflite::micro::KernelRunner::~KernelRunner()	16	static
resize_bilinear_test.cc:35:14:TfLiteStatus tflite::testing::{anonymous}::ValidateGoldens(TfLiteTensor*, int, const T*, T*, int, TfLiteResizeBilinearParams*, float) [with T = float]	424	static
resize_bilinear_test.cc:35:14:TfLiteStatus tflite::testing::{anonymous}::ValidateGoldens(TfLiteTensor*, int, const T*, T*, int, TfLiteResizeBilinearParams*, float) [with T = signed char]	416	static
