gthr-default.h:229:1:int __gthread_key_delete(__gthread_key_t)	16	static
types.h:158:12:tflite::RuntimeShape::RuntimeShape(int)	16	static
types.h:175:3:tflite::RuntimeShape::RuntimeShape(int, const int32_t*)	24	static
types.h:202:3:tflite::RuntimeShape::~RuntimeShape()	16	static
types.h:212:18:int32_t tflite::RuntimeShape::DimensionsCount() const	16	static
types.h:213:18:int32_t tflite::RuntimeShape::Dims(int) const	16	static
types.h:218:15:void tflite::RuntimeShape::SetDim(int, int32_t)	24	static
types.h:228:19:int32_t* tflite::RuntimeShape::DimsData()	16	static
types.h:231:25:const int32_t* tflite::RuntimeShape::DimsData() const	16	static
types.h:237:15:void tflite::RuntimeShape::Resize(int)	16	static
types.h:255:15:void tflite::RuntimeShape::ReplaceWith(int, const int32_t*)	32	static
types.h:278:30:static tflite::RuntimeShape tflite::RuntimeShape::ExtendedShape(int, const tflite::RuntimeShape&)	24	static
types.h:304:3:tflite::RuntimeShape::RuntimeShape(int, const tflite::RuntimeShape&, int)	40	static
common.h:737:12:int tflite::SubscriptToIndex(const tflite::NdArrayDesc<5>&, int*)	16	static
portable_type_to_tflitetype.h:61:1:constexpr TfLiteType tflite::typeToTfLiteType() [with T = long int]	4	static
portable_type_to_tflitetype.h:65:1:constexpr TfLiteType tflite::typeToTfLiteType() [with T = float]	4	static
portable_type_to_tflitetype.h:67:1:constexpr TfLiteType tflite::typeToTfLiteType() [with T = signed char]	4	static
micro_test.h:78:13:void tflite::InitializeTest()	8	static
transpose_test.cc:137:1:int main(int, char**)	4176	static
transpose_test.cc:102:6:void tflite::testing::{anonymous}::TestTranspose(int*, T*, int*, const T*, T*, tflite::TransposeParams*) [with T = signed char]	280	static
transpose_test.cc:102:6:void tflite::testing::{anonymous}::TestTranspose(int*, T*, int*, const T*, T*, tflite::TransposeParams*) [with T = float]	280	static
transpose_test.cc:31:6:void tflite::testing::{anonymous}::RunTestPermutation(int, const int32_t*, const int32_t*, T*, T*) [with T = float]	128	static
test_helpers.h:169:14:TfLiteTensor tflite::testing::CreateTensor(const T*, TfLiteIntArray*, bool) [with T = signed char]	24	static
test_helpers.h:169:14:TfLiteTensor tflite::testing::CreateTensor(const T*, TfLiteIntArray*, bool) [with T = long int]	24	static
transpose_test.cc:84:14:TfLiteStatus tflite::testing::{anonymous}::ValidateTranspose(TfLiteTensor*, int, const T*, T*, int, tflite::TransposeParams*, float) [with T = signed char]	48	static
test_helpers.h:169:14:TfLiteTensor tflite::testing::CreateTensor(const T*, TfLiteIntArray*, bool) [with T = float]	24	static
transpose_test.cc:84:14:TfLiteStatus tflite::testing::{anonymous}::ValidateTranspose(TfLiteTensor*, int, const T*, T*, int, tflite::TransposeParams*, float) [with T = float]	56	static
transpose.h:73:6:void tflite::reference_ops::Transpose(const tflite::TransposeParams&, const tflite::RuntimeShape&, const T*, const tflite::RuntimeShape&, T*) [with T = float; int N = 5]	32	static
mock_micro_graph.h:29:7:tflite::MockMicroGraph::~MockMicroGraph()	16	static
mock_micro_graph.h:29:7:virtual tflite::MockMicroGraph::~MockMicroGraph()	16	static
kernel_runner.h:33:7:tflite::micro::KernelRunner::~KernelRunner()	16	static
transpose_test.cc:63:14:TfLiteStatus tflite::testing::{anonymous}::InvokeTranspose(TfLiteTensor*, int, T*, int, tflite::TransposeParams*) [with T = signed char]	400	static
transpose_test.cc:63:14:TfLiteStatus tflite::testing::{anonymous}::InvokeTranspose(TfLiteTensor*, int, T*, int, tflite::TransposeParams*) [with T = float]	400	static
transpose.h:65:24:tflite::reference_ops::TransposeImpl(const tflite::TransposeParams&, const tflite::RuntimeShape&, const T*, const tflite::RuntimeShape&, T*) [with T = long int; int N = 5]::<lambda(int*)>	24	static
transpose.h:26:6:void tflite::reference_ops::TransposeImpl(const tflite::TransposeParams&, const tflite::RuntimeShape&, const T*, const tflite::RuntimeShape&, T*) [with T = long int; int N = 5]	256	static
common.h:809:13:void tflite::CopyDimsToDesc(const tflite::RuntimeShape&, tflite::NdArrayDesc<N>*) [with int N = 5]	24	static
common.h:934:13:void tflite::NDOpsHelper(const tflite::NdArrayDesc<N>&, const Calc&) [with int N = 5; Calc = tflite::reference_ops::TransposeImpl(const tflite::TransposeParams&, const tflite::RuntimeShape&, const T*, const tflite::RuntimeShape&, T*) [with T = long int; int N = 5]::<lambda(int*)>]	40	static
common.h:916:51:typename std::enable_if<(DIM != (N - 1)), void>::type tflite::NDOpsHelperImpl(const tflite::NdArrayDesc<N>&, const Calc&, int*) [with int N = 5; int DIM = 0; Calc = tflite::reference_ops::TransposeImpl(const tflite::TransposeParams&, const tflite::RuntimeShape&, const T*, const tflite::RuntimeShape&, T*) [with T = long int; int N = 5]::<lambda(int*)>]	24	static
common.h:916:51:typename std::enable_if<(DIM != (N - 1)), void>::type tflite::NDOpsHelperImpl(const tflite::NdArrayDesc<N>&, const Calc&, int*) [with int N = 5; int DIM = 1; Calc = tflite::reference_ops::TransposeImpl(const tflite::TransposeParams&, const tflite::RuntimeShape&, const T*, const tflite::RuntimeShape&, T*) [with T = long int; int N = 5]::<lambda(int*)>]	24	static
common.h:916:51:typename std::enable_if<(DIM != (N - 1)), void>::type tflite::NDOpsHelperImpl(const tflite::NdArrayDesc<N>&, const Calc&, int*) [with int N = 5; int DIM = 2; Calc = tflite::reference_ops::TransposeImpl(const tflite::TransposeParams&, const tflite::RuntimeShape&, const T*, const tflite::RuntimeShape&, T*) [with T = long int; int N = 5]::<lambda(int*)>]	24	static
common.h:916:51:typename std::enable_if<(DIM != (N - 1)), void>::type tflite::NDOpsHelperImpl(const tflite::NdArrayDesc<N>&, const Calc&, int*) [with int N = 5; int DIM = 3; Calc = tflite::reference_ops::TransposeImpl(const tflite::TransposeParams&, const tflite::RuntimeShape&, const T*, const tflite::RuntimeShape&, T*) [with T = long int; int N = 5]::<lambda(int*)>]	24	static
common.h:924:51:typename std::enable_if<(DIM == (N - 1)), void>::type tflite::NDOpsHelperImpl(const tflite::NdArrayDesc<N>&, const Calc&, int*) [with int N = 5; int DIM = 4; Calc = tflite::reference_ops::TransposeImpl(const tflite::TransposeParams&, const tflite::RuntimeShape&, const T*, const tflite::RuntimeShape&, T*) [with T = long int; int N = 5]::<lambda(int*)>]	24	static
