gthr-default.h:229:1:int __gthread_key_delete(__gthread_key_t)	16	static
portable_type_to_tflitetype.h:61:1:constexpr TfLiteType tflite::typeToTfLiteType() [with T = long int]	4	static
portable_type_to_tflitetype.h:64:1:constexpr TfLiteType tflite::typeToTfLiteType() [with T = long long int]	4	static
portable_type_to_tflitetype.h:65:1:constexpr TfLiteType tflite::typeToTfLiteType() [with T = float]	4	static
portable_type_to_tflitetype.h:67:1:constexpr TfLiteType tflite::typeToTfLiteType() [with T = signed char]	4	static
micro_test.h:78:13:void tflite::InitializeTest()	8	static
zeros_like_test.cc:63:1:int main(int, char**)	336	static
mock_micro_graph.h:29:7:tflite::MockMicroGraph::~MockMicroGraph()	16	static
mock_micro_graph.h:29:7:virtual tflite::MockMicroGraph::~MockMicroGraph()	16	static
kernel_runner.h:33:7:tflite::micro::KernelRunner::~KernelRunner()	16	static
zeros_like_test.cc:28:6:void tflite::testing::{anonymous}::TestZerosLike(int*, const T*, const T*, T*) [with T = float]	560	static
zeros_like_test.cc:28:6:void tflite::testing::{anonymous}::TestZerosLike(int*, const T*, const T*, T*) [with T = signed char]	552	static
zeros_like_test.cc:28:6:void tflite::testing::{anonymous}::TestZerosLike(int*, const T*, const T*, T*) [with T = long int]	560	static
zeros_like_test.cc:28:6:void tflite::testing::{anonymous}::TestZerosLike(int*, const T*, const T*, T*) [with T = long long int]	568	static
test_helpers.h:169:14:TfLiteTensor tflite::testing::CreateTensor(const T*, TfLiteIntArray*, bool) [with T = float]	24	static
test_helpers.h:169:14:TfLiteTensor tflite::testing::CreateTensor(const T*, TfLiteIntArray*, bool) [with T = signed char]	24	static
test_helpers.h:169:14:TfLiteTensor tflite::testing::CreateTensor(const T*, TfLiteIntArray*, bool) [with T = long int]	24	static
test_helpers.h:169:14:TfLiteTensor tflite::testing::CreateTensor(const T*, TfLiteIntArray*, bool) [with T = long long int]	24	static
