stl_algobase.h:1020:3:constexpr int std::__lg(int)	16	static
new:173:33:void* operator new(std::size_t, void*)	16	static
stl_tree.h:173:5:std::_Rb_tree_header::_Rb_tree_header()	16	static
stl_tree.h:206:5:void std::_Rb_tree_header::_M_reset()	16	static
gthr-default.h:229:1:int __gthread_key_delete(__gthread_key_t)	16	static
base.h:432:15:size_t flatbuffers::PaddingBytes(size_t, size_t)	16	static
flexbuffers.h:86:13:bool flexbuffers::IsInline(flexbuffers::Type)	16	static
flexbuffers.h:88:13:bool flexbuffers::IsTypedVectorElementType(flexbuffers::Type)	16	static
flexbuffers.h:101:13:flexbuffers::Type flexbuffers::ToTypedVector(flexbuffers::Type, size_t)	16	static
flexbuffers.h:183:17:flexbuffers::BitWidth flexbuffers::WidthU(uint64_t)	40	static
flexbuffers.h:195:17:flexbuffers::BitWidth flexbuffers::WidthI(int64_t)	40	static
flexbuffers.h:812:16:uint8_t flexbuffers::PackedType(flexbuffers::BitWidth, flexbuffers::Type)	16	static
stl_vector.h:125:14:std::_Vector_base<flexbuffers::Builder::Value, std::allocator<flexbuffers::Builder::Value> >::_Vector_impl::~_Vector_impl()	16	static
stl_vector.h:285:7:std::_Vector_base<_Tp, _Alloc>::_Vector_base() [with _Tp = flexbuffers::Builder::Value; _Alloc = std::allocator<flexbuffers::Builder::Value>]	16	static
stl_vector.h:484:7:std::vector<_Tp, _Alloc>::vector() [with _Tp = flexbuffers::Builder::Value; _Alloc = std::allocator<flexbuffers::Builder::Value>]	16	static
stl_set.h:281:7:std::set<_Key, _Compare, _Alloc>::~set() [with _Key = unsigned int; _Compare = flexbuffers::Builder::KeyOffsetCompare; _Alloc = std::allocator<unsigned int>]	16	static
stl_set.h:281:7:std::set<_Key, _Compare, _Alloc>::~set() [with _Key = std::pair<unsigned int, unsigned int>; _Compare = flexbuffers::Builder::StringOffsetCompare; _Alloc = std::allocator<std::pair<unsigned int, unsigned int> >]	16	static
flexbuffers.h:909:3:flexbuffers::Builder::Builder(size_t, flexbuffers::BuilderFlag)	56	static
flexbuffers.h:922:31:const std::vector<unsigned char>& flexbuffers::Builder::GetBuffer() const	16	static
flexbuffers.h:951:8:void flexbuffers::Builder::Int(int64_t)	56	static
flexbuffers.h:952:8:void flexbuffers::Builder::Int(const char*, int64_t)	24	static
flexbuffers.h:1011:10:size_t flexbuffers::Builder::Key(const char*, size_t)	80	static
flexbuffers.h:1029:10:size_t flexbuffers::Builder::Key(const char*)	16	static
flexbuffers.h:1087:10:size_t flexbuffers::Builder::StartMap()	16	static
flexbuffers.h:1131:15:flexbuffers::Builder::EndMap(size_t)::<lambda(const flexbuffers::Builder::EndMap(size_t)::TwoValue&, const flexbuffers::Builder::EndMap(size_t)::TwoValue&)>	40	static
flexbuffers.h:1103:10:size_t flexbuffers::Builder::EndMap(size_t)	80	static
flexbuffers.h:1316:8:void flexbuffers::Builder::Finish()	32	static
flexbuffers.h:1335:8:void flexbuffers::Builder::Finished() const	16	static
flexbuffers.h:1343:11:uint8_t flexbuffers::Builder::Align(flexbuffers::BitWidth)	40	static
flexbuffers.h:1350:8:void flexbuffers::Builder::WriteBytes(const void*, size_t)	40	static
flexbuffers.h:1361:8:void flexbuffers::Builder::WriteDouble(double, uint8_t)	24	static
flexbuffers.h:1371:8:void flexbuffers::Builder::WriteOffset(uint64_t, uint8_t)	64	static
flexbuffers.h:1418:5:flexbuffers::Builder::Value::Value()	16	static
flexbuffers.h:1425:5:flexbuffers::Builder::Value::Value(int64_t, flexbuffers::Type, flexbuffers::BitWidth)	24	static
flexbuffers.h:1427:5:flexbuffers::Builder::Value::Value(uint64_t, flexbuffers::Type, flexbuffers::BitWidth)	24	static
flexbuffers.h:1436:13:uint8_t flexbuffers::Builder::Value::StoredPackedType(flexbuffers::BitWidth) const	16	static
flexbuffers.h:1440:14:flexbuffers::BitWidth flexbuffers::Builder::Value::ElemWidth(size_t, size_t) const	56	static
flexbuffers.h:1469:14:flexbuffers::BitWidth flexbuffers::Builder::Value::StoredWidth(flexbuffers::BitWidth) const	16	static
flexbuffers.h:1479:8:void flexbuffers::Builder::WriteAny(const flexbuffers::Builder::Value&, uint8_t)	32	static
flexbuffers.h:1521:9:flexbuffers::Builder::Value flexbuffers::Builder::CreateVector(size_t, size_t, size_t, bool, bool, const flexbuffers::Builder::Value*)	88	static
flexbuffers.h:1593:14:flexbuffers::Builder::KeyOffsetCompare::KeyOffsetCompare(const std::vector<unsigned char>&)	16	static
flexbuffers.h:1594:10:bool flexbuffers::Builder::KeyOffsetCompare::operator()(size_t, size_t) const	32	static
flexbuffers.h:1606:14:flexbuffers::Builder::StringOffsetCompare::StringOffsetCompare(const std::vector<unsigned char>&)	16	static
stl_algobase.h:198:5:constexpr const _Tp& std::min(const _Tp&, const _Tp&) [with _Tp = unsigned int]	16	static
flexbuffers.h:907:7:flexbuffers::Builder::~Builder()	16	static
generate_circular_buffer_flexbuffers_data.cc:33:11:generate(const char*)::<lambda()>	16	static
generate_circular_buffer_flexbuffers_data.cc:31:6:void generate(const char*)	104	static
generate_circular_buffer_flexbuffers_data.cc:50:5:int main()	8	static
stl_emulation.h:69:39:const T* flatbuffers::vector_data(const std::vector<T>&) [with T = unsigned char]	16	static
stl_vector.h:915:7:std::vector<_Tp, _Alloc>::size_type std::vector<_Tp, _Alloc>::size() const [with _Tp = unsigned char; _Alloc = std::allocator<unsigned char>]	16	static
allocator.h:138:7:std::allocator< <template-parameter-1-1> >::allocator() [with _Tp = unsigned char]	16	static
allocator.h:153:7:std::allocator< <template-parameter-1-1> >::~allocator() [with _Tp = unsigned char]	16	static
stl_vector.h:507:7:std::vector<_Tp, _Alloc>::vector(std::vector<_Tp, _Alloc>::size_type, const allocator_type&) [with _Tp = unsigned char; _Alloc = std::allocator<unsigned char>]	32	static
stl_vector.h:675:7:std::vector<_Tp, _Alloc>::~vector() [with _Tp = unsigned char; _Alloc = std::allocator<unsigned char>]	24	static
stl_vector.h:128:2:std::_Vector_base<_Tp, _Alloc>::_Vector_impl::_Vector_impl() [with _Tp = flexbuffers::Builder::Value; _Alloc = std::allocator<flexbuffers::Builder::Value>]	16	static
allocator.h:153:7:std::allocator< <template-parameter-1-1> >::~allocator() [with _Tp = flexbuffers::Builder::Value]	16	static
stl_vector.h:330:7:std::_Vector_base<_Tp, _Alloc>::~_Vector_base() [with _Tp = flexbuffers::Builder::Value; _Alloc = std::allocator<flexbuffers::Builder::Value>]	16	static
stl_vector.h:675:7:std::vector<_Tp, _Alloc>::~vector() [with _Tp = flexbuffers::Builder::Value; _Alloc = std::allocator<flexbuffers::Builder::Value>]	24	static
allocator.h:138:7:std::allocator< <template-parameter-1-1> >::allocator() [with _Tp = unsigned int]	16	static
allocator.h:153:7:std::allocator< <template-parameter-1-1> >::~allocator() [with _Tp = unsigned int]	16	static
stl_set.h:176:7:std::set<_Key, _Compare, _Alloc>::set(const _Compare&, const allocator_type&) [with _Key = unsigned int; _Compare = flexbuffers::Builder::KeyOffsetCompare; _Alloc = std::allocator<unsigned int>]	40	static
stl_tree.h:673:9:std::_Rb_tree<unsigned int, unsigned int, std::_Identity<unsigned int>, flexbuffers::Builder::KeyOffsetCompare, std::allocator<unsigned int> >::_Rb_tree_impl<flexbuffers::Builder::KeyOffsetCompare, false>::~_Rb_tree_impl()	16	static
stl_tree.h:994:7:std::_Rb_tree<_Key, _Val, _KeyOfValue, _Compare, _Alloc>::~_Rb_tree() [with _Key = unsigned int; _Val = unsigned int; _KeyOfValue = std::_Identity<unsigned int>; _Compare = flexbuffers::Builder::KeyOffsetCompare; _Alloc = std::allocator<unsigned int>]	16	static
allocator.h:138:7:std::allocator< <template-parameter-1-1> >::allocator() [with _Tp = std::pair<unsigned int, unsigned int>]	16	static
allocator.h:153:7:std::allocator< <template-parameter-1-1> >::~allocator() [with _Tp = std::pair<unsigned int, unsigned int>]	16	static
stl_set.h:176:7:std::set<_Key, _Compare, _Alloc>::set(const _Compare&, const allocator_type&) [with _Key = std::pair<unsigned int, unsigned int>; _Compare = flexbuffers::Builder::StringOffsetCompare; _Alloc = std::allocator<std::pair<unsigned int, unsigned int> >]	40	static
stl_tree.h:673:9:std::_Rb_tree<std::pair<unsigned int, unsigned int>, std::pair<unsigned int, unsigned int>, std::_Identity<std::pair<unsigned int, unsigned int> >, flexbuffers::Builder::StringOffsetCompare, std::allocator<std::pair<unsigned int, unsigned int> > >::_Rb_tree_impl<flexbuffers::Builder::StringOffsetCompare, false>::~_Rb_tree_impl()	16	static
stl_tree.h:994:7:std::_Rb_tree<_Key, _Val, _KeyOfValue, _Compare, _Alloc>::~_Rb_tree() [with _Key = std::pair<unsigned int, unsigned int>; _Val = std::pair<unsigned int, unsigned int>; _KeyOfValue = std::_Identity<std::pair<unsigned int, unsigned int> >; _Compare = flexbuffers::Builder::StringOffsetCompare; _Alloc = std::allocator<std::pair<unsigned int, unsigned int> >]	16	static
stl_vector.h:1495:7:void std::vector<_Tp, _Alloc>::clear() [with _Tp = unsigned char; _Alloc = std::allocator<unsigned char>]	16	static
stl_vector.h:1200:7:void std::vector<_Tp, _Alloc>::push_back(std::vector<_Tp, _Alloc>::value_type&&) [with _Tp = flexbuffers::Builder::Value; _Alloc = std::allocator<flexbuffers::Builder::Value>]	16	static
stl_set.h:794:7:std::set<_Key, _Compare, _Alloc>::iterator std::set<_Key, _Compare, _Alloc>::find(const key_type&) [with _Key = unsigned int; _Compare = flexbuffers::Builder::KeyOffsetCompare; _Alloc = std::allocator<unsigned int>]	24	static
stl_set.h:353:7:std::set<_Key, _Compare, _Alloc>::iterator std::set<_Key, _Compare, _Alloc>::end() const [with _Key = unsigned int; _Compare = flexbuffers::Builder::KeyOffsetCompare; _Alloc = std::allocator<unsigned int>]	16	static
stl_tree.h:398:7:bool std::operator!=(const _Self&, const _Self&)	16	static
stl_vector.h:934:7:void std::vector<_Tp, _Alloc>::resize(std::vector<_Tp, _Alloc>::size_type) [with _Tp = unsigned char; _Alloc = std::allocator<unsigned char>]	16	static
stl_tree.h:356:7:const _Tp& std::_Rb_tree_const_iterator<_Tp>::operator*() const [with _Tp = unsigned int]	16	static
stl_set.h:509:7:std::pair<typename std::_Rb_tree<_Key, _Key, std::_Identity<_Tp>, _Compare, typename __gnu_cxx::__alloc_traits<_Alloc>::rebind<_Key>::other>::const_iterator, bool> std::set<_Key, _Compare, _Alloc>::insert(const value_type&) [with _Key = unsigned int; _Compare = flexbuffers::Builder::KeyOffsetCompare; _Alloc = std::allocator<unsigned int>]	32	static
stl_vector.h:915:7:std::vector<_Tp, _Alloc>::size_type std::vector<_Tp, _Alloc>::size() const [with _Tp = flexbuffers::Builder::Value; _Alloc = std::allocator<flexbuffers::Builder::Value>]	16	static
stl_vector.h:934:7:void std::vector<_Tp, _Alloc>::resize(std::vector<_Tp, _Alloc>::size_type) [with _Tp = flexbuffers::Builder::Value; _Alloc = std::allocator<flexbuffers::Builder::Value>]	16	static
stl_vector.h:1184:7:void std::vector<_Tp, _Alloc>::push_back(const value_type&) [with _Tp = flexbuffers::Builder::Value; _Alloc = std::allocator<flexbuffers::Builder::Value>]	16	static
stl_vector.h:1040:7:std::vector<_Tp, _Alloc>::reference std::vector<_Tp, _Alloc>::operator[](std::vector<_Tp, _Alloc>::size_type) [with _Tp = flexbuffers::Builder::Value; _Alloc = std::allocator<flexbuffers::Builder::Value>]	16	static
stl_emulation.h:63:33:T* flatbuffers::vector_data(std::vector<T>&) [with T = flexbuffers::Builder::Value]	16	static
stl_emulation.h:63:33:T* flatbuffers::vector_data(std::vector<T>&) [with T = unsigned char]	16	static
stl_algo.h:4887:5:void std::sort(_RAIter, _RAIter, _Compare) [with _RAIter = flexbuffers::Builder::EndMap(size_t)::TwoValue*; _Compare = flexbuffers::Builder::EndMap(size_t)::<lambda(const flexbuffers::Builder::EndMap(size_t)::TwoValue&, const flexbuffers::Builder::EndMap(size_t)::TwoValue&)>]	24	static
flexbuffers.h:1355:29:void flexbuffers::Builder::Write(T, size_t) [with T = unsigned char]	24	static
stl_vector.h:826:7:std::vector<_Tp, _Alloc>::iterator std::vector<_Tp, _Alloc>::end() [with _Tp = unsigned char; _Alloc = std::allocator<unsigned char>]	24	static
stl_iterator.h:811:9:__gnu_cxx::__normal_iterator<_Iterator, _Container>::__normal_iterator(const __gnu_cxx::__normal_iterator<_Iter, typename __gnu_cxx::__enable_if<std::__are_same<_Iter, typename _Container::pointer>::__value, _Container>::__type>&) [with _Iter = unsigned char*; _Iterator = const unsigned char*; _Container = std::vector<unsigned char>]	16	static
stl_vector.h:1332:7:std::vector<_Tp, _Alloc>::iterator std::vector<_Tp, _Alloc>::insert(std::vector<_Tp, _Alloc>::const_iterator, std::vector<_Tp, _Alloc>::size_type, const value_type&) [with _Tp = unsigned char; _Alloc = std::allocator<unsigned char>]	40	static
stl_vector.h:1376:2:std::vector<_Tp, _Alloc>::iterator std::vector<_Tp, _Alloc>::insert(std::vector<_Tp, _Alloc>::const_iterator, _InputIterator, _InputIterator) [with _InputIterator = const unsigned char*; <template-parameter-2-2> = void; _Tp = unsigned char; _Alloc = std::allocator<unsigned char>]	64	static
flexbuffers.h:1355:29:void flexbuffers::Builder::Write(T, size_t) [with T = double]	24	static
flexbuffers.h:1355:29:void flexbuffers::Builder::Write(T, size_t) [with T = float]	24	static
flexbuffers.h:1355:29:void flexbuffers::Builder::Write(T, size_t) [with T = long long unsigned int]	24	static
stl_algobase.h:222:5:constexpr const _Tp& std::max(const _Tp&, const _Tp&) [with _Tp = flexbuffers::BitWidth]	16	static
flexbuffers.h:1355:29:void flexbuffers::Builder::Write(T, size_t) [with T = long long int]	24	static
stl_vector.h:1200:7:void std::vector<_Tp, _Alloc>::push_back(std::vector<_Tp, _Alloc>::value_type&&) [with _Tp = unsigned char; _Alloc = std::allocator<unsigned char>]	16	static
flexbuffers.h:1234:31:size_t flexbuffers::Builder::Map(F) [with F = generate(const char*)::<lambda()>]	24	static
stl_vector.h:1169:7:const _Tp* std::vector<_Tp, _Alloc>::data() const [with _Tp = unsigned char; _Alloc = std::allocator<unsigned char>]	16	static
base.h:390:24:T flatbuffers::EndianScalar(T) [with T = long long int]	16	static
base.h:390:24:T flatbuffers::EndianScalar(T) [with T = long long unsigned int]	16	static
stl_vector.h:1004:7:bool std::vector<_Tp, _Alloc>::empty() const [with _Tp = unsigned char; _Alloc = std::allocator<unsigned char>]	24	static
stl_vector.h:1058:7:std::vector<_Tp, _Alloc>::const_reference std::vector<_Tp, _Alloc>::operator[](std::vector<_Tp, _Alloc>::size_type) const [with _Tp = unsigned char; _Alloc = std::allocator<unsigned char>]	16	static
new_allocator.h:80:7:__gnu_cxx::new_allocator<_Tp>::new_allocator() [with _Tp = unsigned char]	16	static
new_allocator.h:89:7:__gnu_cxx::new_allocator<_Tp>::~new_allocator() [with _Tp = unsigned char]	16	static
stl_vector.h:1764:7:static std::vector<_Tp, _Alloc>::size_type std::vector<_Tp, _Alloc>::_S_check_init_len(std::vector<_Tp, _Alloc>::size_type, const allocator_type&) [with _Tp = unsigned char; _Alloc = std::allocator<unsigned char>]	32	static
stl_vector.h:125:14:std::_Vector_base<unsigned char, std::allocator<unsigned char> >::_Vector_impl::~_Vector_impl()	16	static
stl_vector.h:300:7:std::_Vector_base<_Tp, _Alloc>::_Vector_base(std::size_t, const allocator_type&) [with _Tp = unsigned char; _Alloc = std::allocator<unsigned char>]	24	static
stl_vector.h:330:7:std::_Vector_base<_Tp, _Alloc>::~_Vector_base() [with _Tp = unsigned char; _Alloc = std::allocator<unsigned char>]	16	static
stl_vector.h:1600:7:void std::vector<_Tp, _Alloc>::_M_default_initialize(std::vector<_Tp, _Alloc>::size_type) [with _Tp = unsigned char; _Alloc = std::allocator<unsigned char>]	24	static
stl_vector.h:273:7:std::_Vector_base<_Tp, _Alloc>::_Tp_alloc_type& std::_Vector_base<_Tp, _Alloc>::_M_get_Tp_allocator() [with _Tp = unsigned char; _Alloc = std::allocator<unsigned char>]	16	static
stl_construct.h:203:5:void std::_Destroy(_ForwardIterator, _ForwardIterator, std::allocator<_T2>&) [with _ForwardIterator = unsigned char*; _Tp = unsigned char]	24	static
allocator.h:138:7:std::allocator< <template-parameter-1-1> >::allocator() [with _Tp = flexbuffers::Builder::Value]	16	static
stl_vector.h:94:2:std::_Vector_base<_Tp, _Alloc>::_Vector_impl_data::_Vector_impl_data() [with _Tp = flexbuffers::Builder::Value; _Alloc = std::allocator<flexbuffers::Builder::Value>]	16	static
new_allocator.h:89:7:__gnu_cxx::new_allocator<_Tp>::~new_allocator() [with _Tp = flexbuffers::Builder::Value]	16	static
stl_vector.h:347:7:void std::_Vector_base<_Tp, _Alloc>::_M_deallocate(std::_Vector_base<_Tp, _Alloc>::pointer, std::size_t) [with _Tp = flexbuffers::Builder::Value; _Alloc = std::allocator<flexbuffers::Builder::Value>]	24	static
stl_vector.h:273:7:std::_Vector_base<_Tp, _Alloc>::_Tp_alloc_type& std::_Vector_base<_Tp, _Alloc>::_M_get_Tp_allocator() [with _Tp = flexbuffers::Builder::Value; _Alloc = std::allocator<flexbuffers::Builder::Value>]	16	static
stl_construct.h:203:5:void std::_Destroy(_ForwardIterator, _ForwardIterator, std::allocator<_T2>&) [with _ForwardIterator = flexbuffers::Builder::Value*; _Tp = flexbuffers::Builder::Value]	24	static
new_allocator.h:80:7:__gnu_cxx::new_allocator<_Tp>::new_allocator() [with _Tp = unsigned int]	16	static
new_allocator.h:89:7:__gnu_cxx::new_allocator<_Tp>::~new_allocator() [with _Tp = unsigned int]	16	static
allocator.h:141:7:std::allocator< <template-parameter-1-1> >::allocator(const std::allocator< <template-parameter-1-1> >&) [with _Tp = unsigned int]	16	static
stl_tree.h:942:7:std::_Rb_tree<_Key, _Val, _KeyOfValue, _Compare, _Alloc>::_Rb_tree(const _Compare&, const allocator_type&) [with _Key = unsigned int; _Val = unsigned int; _KeyOfValue = std::_Identity<unsigned int>; _Compare = flexbuffers::Builder::KeyOffsetCompare; _Alloc = std::allocator<unsigned int>]	40	static
allocator.h:153:7:std::allocator< <template-parameter-1-1> >::~allocator() [with _Tp = std::_Rb_tree_node<unsigned int>]	16	static
stl_tree.h:1907:5:void std::_Rb_tree<_Key, _Val, _KeyOfValue, _Compare, _Alloc>::_M_erase(std::_Rb_tree<_Key, _Val, _KeyOfValue, _Compare, _Alloc>::_Link_type) [with _Key = unsigned int; _Val = unsigned int; _KeyOfValue = std::_Identity<unsigned int>; _Compare = flexbuffers::Builder::KeyOffsetCompare; _Alloc = std::allocator<unsigned int>]	24	static
stl_tree.h:744:7:std::_Rb_tree_node<_Val>* std::_Rb_tree<_Key, _Val, _KeyOfValue, _Compare, _Alloc>::_M_begin() [with _Key = unsigned int; _Val = unsigned int; _KeyOfValue = std::_Identity<unsigned int>; _Compare = flexbuffers::Builder::KeyOffsetCompare; _Alloc = std::allocator<unsigned int>]	16	static
new_allocator.h:80:7:__gnu_cxx::new_allocator<_Tp>::new_allocator() [with _Tp = std::pair<unsigned int, unsigned int>]	16	static
new_allocator.h:89:7:__gnu_cxx::new_allocator<_Tp>::~new_allocator() [with _Tp = std::pair<unsigned int, unsigned int>]	16	static
allocator.h:141:7:std::allocator< <template-parameter-1-1> >::allocator(const std::allocator< <template-parameter-1-1> >&) [with _Tp = std::pair<unsigned int, unsigned int>]	16	static
stl_tree.h:942:7:std::_Rb_tree<_Key, _Val, _KeyOfValue, _Compare, _Alloc>::_Rb_tree(const _Compare&, const allocator_type&) [with _Key = std::pair<unsigned int, unsigned int>; _Val = std::pair<unsigned int, unsigned int>; _KeyOfValue = std::_Identity<std::pair<unsigned int, unsigned int> >; _Compare = flexbuffers::Builder::StringOffsetCompare; _Alloc = std::allocator<std::pair<unsigned int, unsigned int> >]	40	static
allocator.h:153:7:std::allocator< <template-parameter-1-1> >::~allocator() [with _Tp = std::_Rb_tree_node<std::pair<unsigned int, unsigned int> >]	16	static
stl_tree.h:1907:5:void std::_Rb_tree<_Key, _Val, _KeyOfValue, _Compare, _Alloc>::_M_erase(std::_Rb_tree<_Key, _Val, _KeyOfValue, _Compare, _Alloc>::_Link_type) [with _Key = std::pair<unsigned int, unsigned int>; _Val = std::pair<unsigned int, unsigned int>; _KeyOfValue = std::_Identity<std::pair<unsigned int, unsigned int> >; _Compare = flexbuffers::Builder::StringOffsetCompare; _Alloc = std::allocator<std::pair<unsigned int, unsigned int> >]	24	static
stl_tree.h:744:7:std::_Rb_tree_node<_Val>* std::_Rb_tree<_Key, _Val, _KeyOfValue, _Compare, _Alloc>::_M_begin() [with _Key = std::pair<unsigned int, unsigned int>; _Val = std::pair<unsigned int, unsigned int>; _KeyOfValue = std::_Identity<std::pair<unsigned int, unsigned int> >; _Compare = flexbuffers::Builder::StringOffsetCompare; _Alloc = std::allocator<std::pair<unsigned int, unsigned int> >]	16	static
stl_vector.h:1789:7:void std::vector<_Tp, _Alloc>::_M_erase_at_end(std::vector<_Tp, _Alloc>::pointer) [with _Tp = unsigned char; _Alloc = std::allocator<unsigned char>]	32	static
stl_vector.h:1789:7:void std::vector<_Tp, _Alloc>::_M_erase_at_end(std::vector<_Tp, _Alloc>::pointer) [with _Tp = flexbuffers::Builder::Value; _Alloc = std::allocator<flexbuffers::Builder::Value>]	32	static
move.h:99:5:constexpr typename std::remove_reference<_Tp>::type&& std::move(_Tp&&) [with _Tp = flexbuffers::Builder::Value&]	16	static
vector.tcc:109:7:) [with _Args = {flexbuffers::Builder::Value}; _Tp = flexbuffers::Builder::Value; _Alloc = std::allocator<flexbuffers::Builder::Value>]	24	static
stl_tree.h:2554:5:std::_Rb_tree<_Key, _Val, _KeyOfValue, _Compare, _Alloc>::iterator std::_Rb_tree<_Key, _Val, _KeyOfValue, _Compare, _Alloc>::find(const _Key&) [with _Key = unsigned int; _Val = unsigned int; _KeyOfValue = std::_Identity<unsigned int>; _Compare = flexbuffers::Builder::KeyOffsetCompare; _Alloc = std::allocator<unsigned int>]	32	static
stl_tree.h:348:7:std::_Rb_tree_const_iterator<_Tp>::_Rb_tree_const_iterator(const iterator&) [with _Tp = unsigned int]	16	static
stl_tree.h:1018:7:std::_Rb_tree<_Key, _Val, _KeyOfValue, _Compare, _Alloc>::const_iterator std::_Rb_tree<_Key, _Val, _KeyOfValue, _Compare, _Alloc>::end() const [with _Key = unsigned int; _Val = unsigned int; _KeyOfValue = std::_Identity<unsigned int>; _Compare = flexbuffers::Builder::KeyOffsetCompare; _Alloc = std::allocator<unsigned int>]	24	static
stl_vector.h:441:7:static constexpr bool std::vector<_Tp, _Alloc>::_S_use_relocate() [with _Tp = unsigned char; _Alloc = std::allocator<unsigned char>]	16	static
stl_vector.h:428:7:static constexpr bool std::vector<_Tp, _Alloc>::_S_nothrow_relocate(std::true_type) [with _Tp = unsigned char; _Alloc = std::allocator<unsigned char>]	16	static
vector.tcc:611:5:void std::vector<_Tp, _Alloc>::_M_default_append(std::vector<_Tp, _Alloc>::size_type) [with _Tp = unsigned char; _Alloc = std::allocator<unsigned char>]	48	static
stl_tree.h:238:7:const _Val* std::_Rb_tree_node<_Val>::_M_valptr() const [with _Val = unsigned int]	16	static
stl_tree.h:2139:5:std::pair<std::_Rb_tree_iterator<_Val>, bool> std::_Rb_tree<_Key, _Val, _KeyOfValue, _Compare, _Alloc>::_M_insert_unique(_Arg&&) [with _Arg = const unsigned int&; _Key = unsigned int; _Val = unsigned int; _KeyOfValue = std::_Identity<unsigned int>; _Compare = flexbuffers::Builder::KeyOffsetCompare; _Alloc = std::allocator<unsigned int>]	72	static
stl_pair.h:341:12:constexpr std::pair<_T1, _T2>::pair(_U1&&, _U2&&) [with _U1 = std::_Rb_tree_iterator<unsigned int>&; _U2 = bool&; typename std::enable_if<(std::_PCC<true, _T1, _T2>::_MoveConstructiblePair<_U1, _U2>() && std::_PCC<true, _T1, _T2>::_ImplicitlyMoveConvertiblePair<_U1, _U2>()), bool>::type <anonymous> = true; _T1 = std::_Rb_tree_const_iterator<unsigned int>; _T2 = bool]	32	static
stl_vector.h:826:7:std::vector<_Tp, _Alloc>::iterator std::vector<_Tp, _Alloc>::end() [with _Tp = flexbuffers::Builder::Value; _Alloc = std::allocator<flexbuffers::Builder::Value>]	24	static
stl_vector.h:441:7:static constexpr bool std::vector<_Tp, _Alloc>::_S_use_relocate() [with _Tp = flexbuffers::Builder::Value; _Alloc = std::allocator<flexbuffers::Builder::Value>]	16	static
stl_vector.h:428:7:static constexpr bool std::vector<_Tp, _Alloc>::_S_nothrow_relocate(std::true_type) [with _Tp = flexbuffers::Builder::Value; _Alloc = std::allocator<flexbuffers::Builder::Value>]	16	static
vector.tcc:611:5:void std::vector<_Tp, _Alloc>::_M_default_append(std::vector<_Tp, _Alloc>::size_type) [with _Tp = flexbuffers::Builder::Value; _Alloc = std::allocator<flexbuffers::Builder::Value>]	48	static
alloc_traits.h:482:2:) [with _Up = flexbuffers::Builder::Value; _Args = {const flexbuffers::Builder::Value&}; _Tp = flexbuffers::Builder::Value]	24	static
vector.tcc:426:7:) [with _Args = {const flexbuffers::Builder::Value&}; _Tp = flexbuffers::Builder::Value; _Alloc = std::allocator<flexbuffers::Builder::Value>]	64	static
stl_vector.h:1004:7:bool std::vector<_Tp, _Alloc>::empty() const [with _Tp = flexbuffers::Builder::Value; _Alloc = std::allocator<flexbuffers::Builder::Value>]	24	static
stl_vector.h:1040:7:std::vector<_Tp, _Alloc>::reference std::vector<_Tp, _Alloc>::operator[](std::vector<_Tp, _Alloc>::size_type) [with _Tp = unsigned char; _Alloc = std::allocator<unsigned char>]	16	static
predefined_ops.h:149:5:constexpr __gnu_cxx::__ops::_Iter_comp_iter<_Compare> __gnu_cxx::__ops::__iter_comp_iter(_Compare) [with _Compare = flexbuffers::Builder::EndMap(size_t)::<lambda(const flexbuffers::Builder::EndMap(size_t)::TwoValue&, const flexbuffers::Builder::EndMap(size_t)::TwoValue&)>]	24	static
stl_algo.h:1962:5:void std::__sort(_RandomAccessIterator, _RandomAccessIterator, _Compare) [with _RandomAccessIterator = flexbuffers::Builder::EndMap(size_t)::TwoValue*; _Compare = __gnu_cxx::__ops::_Iter_comp_iter<flexbuffers::Builder::EndMap(size_t)::<lambda(const flexbuffers::Builder::EndMap(size_t)::TwoValue&, const flexbuffers::Builder::EndMap(size_t)::TwoValue&)> >]	24	static
base.h:390:24:T flatbuffers::EndianScalar(T) [with T = unsigned char]	16	static
stl_iterator.h:806:7:__gnu_cxx::__normal_iterator<_Iterator, _Container>::__normal_iterator(const _Iterator&) [with _Iterator = unsigned char*; _Container = std::vector<unsigned char>]	16	static
stl_iterator.h:871:7:const _Iterator& __gnu_cxx::__normal_iterator<_Iterator, _Container>::base() const [with _Iterator = unsigned char*; _Container = std::vector<unsigned char>]	16	static
stl_vector.h:881:7:std::vector<_Tp, _Alloc>::const_iterator std::vector<_Tp, _Alloc>::cbegin() const [with _Tp = unsigned char; _Alloc = std::allocator<unsigned char>]	24	static
stl_iterator.h:989:5:typename __gnu_cxx::__normal_iterator<_Iterator, _Container>::difference_type __gnu_cxx::operator-(const __gnu_cxx::__normal_iterator<_Iterator, _Container>&, const __gnu_cxx::__normal_iterator<_Iterator, _Container>&) [with _Iterator = const unsigned char*; _Container = std::vector<unsigned char>]	24	static
vector.tcc:509:5:void std::vector<_Tp, _Alloc>::_M_fill_insert(std::vector<_Tp, _Alloc>::iterator, std::vector<_Tp, _Alloc>::size_type, const value_type&) [with _Tp = unsigned char; _Alloc = std::allocator<unsigned char>]	88	static
stl_vector.h:808:7:std::vector<_Tp, _Alloc>::iterator std::vector<_Tp, _Alloc>::begin() [with _Tp = unsigned char; _Alloc = std::allocator<unsigned char>]	24	static
stl_iterator.h:859:7:__gnu_cxx::__normal_iterator<_Iterator, _Container> __gnu_cxx::__normal_iterator<_Iterator, _Container>::operator+(__gnu_cxx::__normal_iterator<_Iterator, _Container>::difference_type) const [with _Iterator = unsigned char*; _Container = std::vector<unsigned char>]	24	static
stl_vector.h:1659:2:void std::vector<_Tp, _Alloc>::_M_insert_dispatch(std::vector<_Tp, _Alloc>::iterator, _InputIterator, _InputIterator, std::__false_type) [with _InputIterator = const unsigned char*; _Tp = unsigned char; _Alloc = std::allocator<unsigned char>]	48	static
base.h:390:24:T flatbuffers::EndianScalar(T) [with T = double]	16	static
base.h:390:24:T flatbuffers::EndianScalar(T) [with T = float]	16	static
move.h:99:5:constexpr typename std::remove_reference<_Tp>::type&& std::move(_Tp&&) [with _Tp = unsigned char&]	16	static
vector.tcc:109:7:) [with _Args = {unsigned char}; _Tp = unsigned char; _Alloc = std::allocator<unsigned char>]	24	static
stl_vector.h:1840:2:_Up* std::vector<_Tp, _Alloc>::_M_data_ptr(_Up*) const [with _Up = unsigned char; _Tp = unsigned char; _Alloc = std::allocator<unsigned char>]	16	static
stl_vector.h:817:7:std::vector<_Tp, _Alloc>::const_iterator std::vector<_Tp, _Alloc>::begin() const [with _Tp = unsigned char; _Alloc = std::allocator<unsigned char>]	24	static
stl_vector.h:835:7:std::vector<_Tp, _Alloc>::const_iterator std::vector<_Tp, _Alloc>::end() const [with _Tp = unsigned char; _Alloc = std::allocator<unsigned char>]	24	static
stl_iterator.h:893:5:bool __gnu_cxx::operator==(const __gnu_cxx::__normal_iterator<_Iterator, _Container>&, const __gnu_cxx::__normal_iterator<_Iterator, _Container>&) [with _Iterator = const unsigned char*; _Container = std::vector<unsigned char>]	24	static
stl_vector.h:1773:7:static std::vector<_Tp, _Alloc>::size_type std::vector<_Tp, _Alloc>::_S_max_size(const _Tp_alloc_type&) [with _Tp = unsigned char; _Alloc = std::allocator<unsigned char>]	24	static
allocator.h:141:7:std::allocator< <template-parameter-1-1> >::allocator(const std::allocator< <template-parameter-1-1> >&) [with _Tp = unsigned char]	16	static
stl_vector.h:133:2:std::_Vector_base<_Tp, _Alloc>::_Vector_impl::_Vector_impl(const _Tp_alloc_type&) [with _Tp = unsigned char; _Alloc = std::allocator<unsigned char>]	16	static
stl_vector.h:356:7:void std::_Vector_base<_Tp, _Alloc>::_M_create_storage(std::size_t) [with _Tp = unsigned char; _Alloc = std::allocator<unsigned char>]	16	static
stl_vector.h:347:7:void std::_Vector_base<_Tp, _Alloc>::_M_deallocate(std::_Vector_base<_Tp, _Alloc>::pointer, std::size_t) [with _Tp = unsigned char; _Alloc = std::allocator<unsigned char>]	24	static
stl_uninitialized.h:661:5:_ForwardIterator std::__uninitialized_default_n_a(_ForwardIterator, _Size, std::allocator<_Tp>&) [with _ForwardIterator = unsigned char*; _Size = unsigned int; _Tp = unsigned char]	24	static
stl_construct.h:127:5:void std::_Destroy(_ForwardIterator, _ForwardIterator) [with _ForwardIterator = unsigned char*]	16	static
new_allocator.h:80:7:__gnu_cxx::new_allocator<_Tp>::new_allocator() [with _Tp = flexbuffers::Builder::Value]	16	static
alloc_traits.h:469:7:static void std::allocator_traits<std::allocator<_Tp1> >::deallocate(std::allocator_traits<std::allocator<_Tp1> >::allocator_type&, std::allocator_traits<std::allocator<_Tp1> >::pointer, std::allocator_traits<std::allocator<_Tp1> >::size_type) [with _Tp = flexbuffers::Builder::Value]	24	static
stl_construct.h:127:5:void std::_Destroy(_ForwardIterator, _ForwardIterator) [with _ForwardIterator = flexbuffers::Builder::Value*]	16	static
new_allocator.h:83:7:__gnu_cxx::new_allocator<_Tp>::new_allocator(const __gnu_cxx::new_allocator<_Tp>&) [with _Tp = unsigned int]	16	static
allocator.h:151:2:std::allocator< <template-parameter-1-1> >::allocator(const std::allocator<_Tp1>&) [with _Tp1 = unsigned int; _Tp = std::_Rb_tree_node<unsigned int>]	16	static
stl_tree.h:710:4:std::_Rb_tree<_Key, _Val, _KeyOfValue, _Compare, _Alloc>::_Rb_tree_impl<_Key_compare, <anonymous> >::_Rb_tree_impl(const _Key_compare&, std::_Rb_tree<_Key, _Val, _KeyOfValue, _Compare, _Alloc>::_Node_allocator&&) [with _Key_compare = flexbuffers::Builder::KeyOffsetCompare; bool <anonymous> = false; _Key = unsigned int; _Val = unsigned int; _KeyOfValue = std::_Identity<unsigned int>; _Compare = flexbuffers::Builder::KeyOffsetCompare; _Alloc = std::allocator<unsigned int>]	24	static
new_allocator.h:89:7:__gnu_cxx::new_allocator<_Tp>::~new_allocator() [with _Tp = std::_Rb_tree_node<unsigned int>]	16	static
stl_tree.h:797:7:static std::_Rb_tree_node<_Val>* std::_Rb_tree<_Key, _Val, _KeyOfValue, _Compare, _Alloc>::_S_right(std::_Rb_tree<_Key, _Val, _KeyOfValue, _Compare, _Alloc>::_Base_ptr) [with _Key = unsigned int; _Val = unsigned int; _KeyOfValue = std::_Identity<unsigned int>; _Compare = flexbuffers::Builder::KeyOffsetCompare; _Alloc = std::allocator<unsigned int>]	16	static
stl_tree.h:789:7:static std::_Rb_tree_node<_Val>* std::_Rb_tree<_Key, _Val, _KeyOfValue, _Compare, _Alloc>::_S_left(std::_Rb_tree<_Key, _Val, _KeyOfValue, _Compare, _Alloc>::_Base_ptr) [with _Key = unsigned int; _Val = unsigned int; _KeyOfValue = std::_Identity<unsigned int>; _Compare = flexbuffers::Builder::KeyOffsetCompare; _Alloc = std::allocator<unsigned int>]	16	static
stl_tree.h:648:7:void std::_Rb_tree<_Key, _Val, _KeyOfValue, _Compare, _Alloc>::_M_drop_node(std::_Rb_tree<_Key, _Val, _KeyOfValue, _Compare, _Alloc>::_Link_type) [with _Key = unsigned int; _Val = unsigned int; _KeyOfValue = std::_Identity<unsigned int>; _Compare = flexbuffers::Builder::KeyOffsetCompare; _Alloc = std::allocator<unsigned int>]	16	static
new_allocator.h:83:7:__gnu_cxx::new_allocator<_Tp>::new_allocator(const __gnu_cxx::new_allocator<_Tp>&) [with _Tp = std::pair<unsigned int, unsigned int>]	16	static
allocator.h:151:2:std::allocator< <template-parameter-1-1> >::allocator(const std::allocator<_Tp1>&) [with _Tp1 = std::pair<unsigned int, unsigned int>; _Tp = std::_Rb_tree_node<std::pair<unsigned int, unsigned int> >]	16	static
stl_tree.h:710:4:std::_Rb_tree<_Key, _Val, _KeyOfValue, _Compare, _Alloc>::_Rb_tree_impl<_Key_compare, <anonymous> >::_Rb_tree_impl(const _Key_compare&, std::_Rb_tree<_Key, _Val, _KeyOfValue, _Compare, _Alloc>::_Node_allocator&&) [with _Key_compare = flexbuffers::Builder::StringOffsetCompare; bool <anonymous> = false; _Key = std::pair<unsigned int, unsigned int>; _Val = std::pair<unsigned int, unsigned int>; _KeyOfValue = std::_Identity<std::pair<unsigned int, unsigned int> >; _Compare = flexbuffers::Builder::StringOffsetCompare; _Alloc = std::allocator<std::pair<unsigned int, unsigned int> >]	24	static
new_allocator.h:89:7:__gnu_cxx::new_allocator<_Tp>::~new_allocator() [with _Tp = std::_Rb_tree_node<std::pair<unsigned int, unsigned int> >]	16	static
stl_tree.h:797:7:static std::_Rb_tree_node<_Val>* std::_Rb_tree<_Key, _Val, _KeyOfValue, _Compare, _Alloc>::_S_right(std::_Rb_tree<_Key, _Val, _KeyOfValue, _Compare, _Alloc>::_Base_ptr) [with _Key = std::pair<unsigned int, unsigned int>; _Val = std::pair<unsigned int, unsigned int>; _KeyOfValue = std::_Identity<std::pair<unsigned int, unsigned int> >; _Compare = flexbuffers::Builder::StringOffsetCompare; _Alloc = std::allocator<std::pair<unsigned int, unsigned int> >]	16	static
stl_tree.h:789:7:static std::_Rb_tree_node<_Val>* std::_Rb_tree<_Key, _Val, _KeyOfValue, _Compare, _Alloc>::_S_left(std::_Rb_tree<_Key, _Val, _KeyOfValue, _Compare, _Alloc>::_Base_ptr) [with _Key = std::pair<unsigned int, unsigned int>; _Val = std::pair<unsigned int, unsigned int>; _KeyOfValue = std::_Identity<std::pair<unsigned int, unsigned int> >; _Compare = flexbuffers::Builder::StringOffsetCompare; _Alloc = std::allocator<std::pair<unsigned int, unsigned int> >]	16	static
stl_tree.h:648:7:void std::_Rb_tree<_Key, _Val, _KeyOfValue, _Compare, _Alloc>::_M_drop_node(std::_Rb_tree<_Key, _Val, _KeyOfValue, _Compare, _Alloc>::_Link_type) [with _Key = std::pair<unsigned int, unsigned int>; _Val = std::pair<unsigned int, unsigned int>; _KeyOfValue = std::_Identity<std::pair<unsigned int, unsigned int> >; _Compare = flexbuffers::Builder::StringOffsetCompare; _Alloc = std::allocator<std::pair<unsigned int, unsigned int> >]	16	static
move.h:74:5:constexpr _Tp&& std::forward(typename std::remove_reference<_Tp>::type&) [with _Tp = flexbuffers::Builder::Value]	16	static
alloc_traits.h:482:2:) [with _Up = flexbuffers::Builder::Value; _Args = {flexbuffers::Builder::Value}; _Tp = flexbuffers::Builder::Value]	24	static
vector.tcc:426:7:) [with _Args = {flexbuffers::Builder::Value}; _Tp = flexbuffers::Builder::Value; _Alloc = std::allocator<flexbuffers::Builder::Value>]	64	static
stl_tree.h:755:7:std::_Rb_tree_node_base* std::_Rb_tree<_Key, _Val, _KeyOfValue, _Compare, _Alloc>::_M_end() [with _Key = unsigned int; _Val = unsigned int; _KeyOfValue = std::_Identity<unsigned int>; _Compare = flexbuffers::Builder::KeyOffsetCompare; _Alloc = std::allocator<unsigned int>]	16	static
stl_tree.h:1924:5:std::_Rb_tree<_Key, _Val, _KeyOfValue, _Compare, _Alloc>::iterator std::_Rb_tree<_Key, _Val, _KeyOfValue, _Compare, _Alloc>::_M_lower_bound(std::_Rb_tree<_Key, _Val, _KeyOfValue, _Compare, _Alloc>::_Link_type, std::_Rb_tree<_Key, _Val, _KeyOfValue, _Compare, _Alloc>::_Base_ptr, const _Key&) [with _Key = unsigned int; _Val = unsigned int; _KeyOfValue = std::_Identity<unsigned int>; _Compare = flexbuffers::Builder::KeyOffsetCompare; _Alloc = std::allocator<unsigned int>]	40	static
stl_tree.h:1014:7:std::_Rb_tree<_Key, _Val, _KeyOfValue, _Compare, _Alloc>::iterator std::_Rb_tree<_Key, _Val, _KeyOfValue, _Compare, _Alloc>::end() [with _Key = unsigned int; _Val = unsigned int; _KeyOfValue = std::_Identity<unsigned int>; _Compare = flexbuffers::Builder::KeyOffsetCompare; _Alloc = std::allocator<unsigned int>]	24	static
stl_tree.h:315:7:bool std::operator==(const _Self&, const _Self&)	16	static
stl_tree.h:809:7:static const _Key& std::_Rb_tree<_Key, _Val, _KeyOfValue, _Compare, _Alloc>::_S_key(std::_Rb_tree<_Key, _Val, _KeyOfValue, _Compare, _Alloc>::_Const_Base_ptr) [with _Key = unsigned int; _Val = unsigned int; _KeyOfValue = std::_Identity<unsigned int>; _Compare = flexbuffers::Builder::KeyOffsetCompare; _Alloc = std::allocator<unsigned int>]	16	static
stl_tree.h:345:7:std::_Rb_tree_const_iterator<_Tp>::_Rb_tree_const_iterator(std::_Rb_tree_const_iterator<_Tp>::_Base_ptr) [with _Tp = unsigned int]	16	static
stl_vector.h:920:7:std::vector<_Tp, _Alloc>::size_type std::vector<_Tp, _Alloc>::max_size() const [with _Tp = unsigned char; _Alloc = std::allocator<unsigned char>]	16	static
stl_vector.h:1753:7:std::vector<_Tp, _Alloc>::size_type std::vector<_Tp, _Alloc>::_M_check_len(std::vector<_Tp, _Alloc>::size_type, const char*) const [with _Tp = unsigned char; _Alloc = std::allocator<unsigned char>]	40	static
stl_vector.h:340:7:std::_Vector_base<_Tp, _Alloc>::pointer std::_Vector_base<_Tp, _Alloc>::_M_allocate(std::size_t) [with _Tp = unsigned char; _Alloc = std::allocator<unsigned char>]	16	static
stl_vector.h:462:7:static std::vector<_Tp, _Alloc>::pointer std::vector<_Tp, _Alloc>::_S_relocate(std::vector<_Tp, _Alloc>::pointer, std::vector<_Tp, _Alloc>::pointer, std::vector<_Tp, _Alloc>::pointer, std::vector<_Tp, _Alloc>::_Tp_alloc_type&) [with _Tp = unsigned char; _Alloc = std::allocator<unsigned char>]	48	static
stl_uninitialized.h:323:5:_ForwardIterator std::__uninitialized_move_if_noexcept_a(_InputIterator, _InputIterator, _ForwardIterator, _Allocator&) [with _InputIterator = unsigned char*; _ForwardIterator = unsigned char*; _Allocator = std::allocator<unsigned char>]	32	static
aligned_buffer.h:76:7:const _Tp* __gnu_cxx::__aligned_membuf<_Tp>::_M_ptr() const [with _Tp = unsigned int]	16	static
stl_tree.h:2085:5:std::pair<std::_Rb_tree_node_base*, std::_Rb_tree_node_base*> std::_Rb_tree<_Key, _Val, _KeyOfValue, _Compare, _Alloc>::_M_get_insert_unique_pos(const key_type&) [with _Key = unsigned int; _Val = unsigned int; _KeyOfValue = std::_Identity<unsigned int>; _Compare = flexbuffers::Builder::KeyOffsetCompare; _Alloc = std::allocator<unsigned int>]	56	static
stl_function.h:1139:7:const _Tp& std::_Identity<_Tp>::operator()(const _Tp&) const [with _Tp = unsigned int]	16	static
stl_tree.h:538:2:std::_Rb_tree<_Key, _Val, _KeyOfValue, _Compare, _Alloc>::_Alloc_node::_Alloc_node(std::_Rb_tree<_Key, _Val, _KeyOfValue, _Compare, _Alloc>&) [with _Key = unsigned int; _Val = unsigned int; _KeyOfValue = std::_Identity<unsigned int>; _Compare = flexbuffers::Builder::KeyOffsetCompare; _Alloc = std::allocator<unsigned int>]	16	static
move.h:74:5:constexpr _Tp&& std::forward(typename std::remove_reference<_Tp>::type&) [with _Tp = const unsigned int&]	16	static
stl_tree.h:1797:7:std::_Rb_tree<_Key, _Val, _KeyOfValue, _Compare, _Alloc>::iterator std::_Rb_tree<_Key, _Val, _KeyOfValue, _Compare, _Alloc>::_M_insert_(std::_Rb_tree<_Key, _Val, _KeyOfValue, _Compare, _Alloc>::_Base_ptr, std::_Rb_tree<_Key, _Val, _KeyOfValue, _Compare, _Alloc>::_Base_ptr, _Arg&&, _NodeGen&) [with _Arg = const unsigned int&; _NodeGen = std::_Rb_tree<unsigned int, unsigned int, std::_Identity<unsigned int>, flexbuffers::Builder::KeyOffsetCompare, std::allocator<unsigned int> >::_Alloc_node; _Key = unsigned int; _Val = unsigned int; _KeyOfValue = std::_Identity<unsigned int>; _Compare = flexbuffers::Builder::KeyOffsetCompare; _Alloc = std::allocator<unsigned int>]	48	static
stl_pair.h:341:12:constexpr std::pair<_T1, _T2>::pair(_U1&&, _U2&&) [with _U1 = std::_Rb_tree_iterator<unsigned int>; _U2 = bool; typename std::enable_if<(std::_PCC<true, _T1, _T2>::_MoveConstructiblePair<_U1, _U2>() && std::_PCC<true, _T1, _T2>::_ImplicitlyMoveConvertiblePair<_U1, _U2>()), bool>::type <anonymous> = true; _T1 = std::_Rb_tree_iterator<unsigned int>; _T2 = bool]	24	static
stl_tree.h:273:7:std::_Rb_tree_iterator<_Tp>::_Rb_tree_iterator(std::_Rb_tree_iterator<_Tp>::_Base_ptr) [with _Tp = unsigned int]	16	static
move.h:74:5:constexpr _Tp&& std::forward(typename std::remove_reference<_Tp>::type&) [with _Tp = std::_Rb_tree_iterator<unsigned int>&]	16	static
move.h:74:5:constexpr _Tp&& std::forward(typename std::remove_reference<_Tp>::type&) [with _Tp = bool&]	16	static
stl_iterator.h:806:7:__gnu_cxx::__normal_iterator<_Iterator, _Container>::__normal_iterator(const _Iterator&) [with _Iterator = flexbuffers::Builder::Value*; _Container = std::vector<flexbuffers::Builder::Value>]	16	static
stl_vector.h:920:7:std::vector<_Tp, _Alloc>::size_type std::vector<_Tp, _Alloc>::max_size() const [with _Tp = flexbuffers::Builder::Value; _Alloc = std::allocator<flexbuffers::Builder::Value>]	16	static
stl_uninitialized.h:661:5:_ForwardIterator std::__uninitialized_default_n_a(_ForwardIterator, _Size, std::allocator<_Tp>&) [with _ForwardIterator = flexbuffers::Builder::Value*; _Size = unsigned int; _Tp = flexbuffers::Builder::Value]	24	static
stl_vector.h:1753:7:std::vector<_Tp, _Alloc>::size_type std::vector<_Tp, _Alloc>::_M_check_len(std::vector<_Tp, _Alloc>::size_type, const char*) const [with _Tp = flexbuffers::Builder::Value; _Alloc = std::allocator<flexbuffers::Builder::Value>]	40	static
stl_vector.h:340:7:std::_Vector_base<_Tp, _Alloc>::pointer std::_Vector_base<_Tp, _Alloc>::_M_allocate(std::size_t) [with _Tp = flexbuffers::Builder::Value; _Alloc = std::allocator<flexbuffers::Builder::Value>]	16	static
stl_vector.h:462:7:static std::vector<_Tp, _Alloc>::pointer std::vector<_Tp, _Alloc>::_S_relocate(std::vector<_Tp, _Alloc>::pointer, std::vector<_Tp, _Alloc>::pointer, std::vector<_Tp, _Alloc>::pointer, std::vector<_Tp, _Alloc>::_Tp_alloc_type&) [with _Tp = flexbuffers::Builder::Value; _Alloc = std::allocator<flexbuffers::Builder::Value>]	48	static
stl_uninitialized.h:323:5:_ForwardIterator std::__uninitialized_move_if_noexcept_a(_InputIterator, _InputIterator, _ForwardIterator, _Allocator&) [with _InputIterator = flexbuffers::Builder::Value*; _ForwardIterator = flexbuffers::Builder::Value*; _Allocator = std::allocator<flexbuffers::Builder::Value>]	32	static
move.h:74:5:constexpr _Tp&& std::forward(typename std::remove_reference<_Tp>::type&) [with _Tp = const flexbuffers::Builder::Value&]	16	static
new_allocator.h:144:2:) [with _Up = flexbuffers::Builder::Value; _Args = {const flexbuffers::Builder::Value&}; _Tp = flexbuffers::Builder::Value]	32	static
stl_vector.h:808:7:std::vector<_Tp, _Alloc>::iterator std::vector<_Tp, _Alloc>::begin() [with _Tp = flexbuffers::Builder::Value; _Alloc = std::allocator<flexbuffers::Builder::Value>]	24	static
stl_iterator.h:989:5:typename __gnu_cxx::__normal_iterator<_Iterator, _Container>::difference_type __gnu_cxx::operator-(const __gnu_cxx::__normal_iterator<_Iterator, _Container>&, const __gnu_cxx::__normal_iterator<_Iterator, _Container>&) [with _Iterator = flexbuffers::Builder::Value*; _Container = std::vector<flexbuffers::Builder::Value>]	24	static
stl_iterator.h:871:7:const _Iterator& __gnu_cxx::__normal_iterator<_Iterator, _Container>::base() const [with _Iterator = flexbuffers::Builder::Value*; _Container = std::vector<flexbuffers::Builder::Value>]	16	static
alloc_traits.h:495:2:static void std::allocator_traits<std::allocator<_Tp1> >::destroy(std::allocator_traits<std::allocator<_Tp1> >::allocator_type&, _Up*) [with _Up = flexbuffers::Builder::Value; _Tp = flexbuffers::Builder::Value]	16	static
stl_vector.h:817:7:std::vector<_Tp, _Alloc>::const_iterator std::vector<_Tp, _Alloc>::begin() const [with _Tp = flexbuffers::Builder::Value; _Alloc = std::allocator<flexbuffers::Builder::Value>]	24	static
stl_vector.h:835:7:std::vector<_Tp, _Alloc>::const_iterator std::vector<_Tp, _Alloc>::end() const [with _Tp = flexbuffers::Builder::Value; _Alloc = std::allocator<flexbuffers::Builder::Value>]	24	static
stl_iterator.h:893:5:bool __gnu_cxx::operator==(const __gnu_cxx::__normal_iterator<_Iterator, _Container>&, const __gnu_cxx::__normal_iterator<_Iterator, _Container>&) [with _Iterator = const flexbuffers::Builder::Value*; _Container = std::vector<flexbuffers::Builder::Value>]	24	static
move.h:99:5:constexpr typename std::remove_reference<_Tp>::type&& std::move(_Tp&&) [with _Tp = flexbuffers::Builder::EndMap(size_t)::<lambda(const flexbuffers::Builder::EndMap(size_t)::TwoValue&, const flexbuffers::Builder::EndMap(size_t)::TwoValue&)>&]	16	static
predefined_ops.h:135:7:constexpr __gnu_cxx::__ops::_Iter_comp_iter<_Compare>::_Iter_comp_iter(_Compare) [with _Compare = flexbuffers::Builder::EndMap(size_t)::<lambda(const flexbuffers::Builder::EndMap(size_t)::TwoValue&, const flexbuffers::Builder::EndMap(size_t)::TwoValue&)>]	16	static
stl_algo.h:1939:5:void std::__introsort_loop(_RandomAccessIterator, _RandomAccessIterator, _Size, _Compare) [with _RandomAccessIterator = flexbuffers::Builder::EndMap(size_t)::TwoValue*; _Size = int; _Compare = __gnu_cxx::__ops::_Iter_comp_iter<flexbuffers::Builder::EndMap(size_t)::<lambda(const flexbuffers::Builder::EndMap(size_t)::TwoValue&, const flexbuffers::Builder::EndMap(size_t)::TwoValue&)> >]	32	static
stl_algo.h:1879:5:void std::__final_insertion_sort(_RandomAccessIterator, _RandomAccessIterator, _Compare) [with _RandomAccessIterator = flexbuffers::Builder::EndMap(size_t)::TwoValue*; _Compare = __gnu_cxx::__ops::_Iter_comp_iter<flexbuffers::Builder::EndMap(size_t)::<lambda(const flexbuffers::Builder::EndMap(size_t)::TwoValue&, const flexbuffers::Builder::EndMap(size_t)::TwoValue&)> >]	24	static
stl_iterator.h:806:7:__gnu_cxx::__normal_iterator<_Iterator, _Container>::__normal_iterator(const _Iterator&) [with _Iterator = const unsigned char*; _Container = std::vector<unsigned char>]	16	static
stl_iterator.h:871:7:const _Iterator& __gnu_cxx::__normal_iterator<_Iterator, _Container>::base() const [with _Iterator = const unsigned char*; _Container = std::vector<unsigned char>]	16	static
stl_vector.h:1706:4:) [with _Args = {const unsigned char&}; _Tp = unsigned char; _Alloc = std::allocator<unsigned char>]	32	static
stl_vector.h:1712:2:std::vector<_Tp, _Alloc>::_Temporary_value::~_Temporary_value() [with _Tp = unsigned char; _Alloc = std::allocator<unsigned char>]	24	static
stl_vector.h:1716:2:std::vector<_Tp, _Alloc>::value_type& std::vector<_Tp, _Alloc>::_Temporary_value::_M_val() [with _Tp = unsigned char; _Alloc = std::allocator<unsigned char>]	16	static
stl_iterator.h:989:5:typename __gnu_cxx::__normal_iterator<_Iterator, _Container>::difference_type __gnu_cxx::operator-(const __gnu_cxx::__normal_iterator<_Iterator, _Container>&, const __gnu_cxx::__normal_iterator<_Iterator, _Container>&) [with _Iterator = unsigned char*; _Container = std::vector<unsigned char>]	24	static
stl_uninitialized.h:312:5:_ForwardIterator std::__uninitialized_move_a(_InputIterator, _InputIterator, _ForwardIterator, _Allocator&) [with _InputIterator = unsigned char*; _ForwardIterator = unsigned char*; _Allocator = std::allocator<unsigned char>]	32	static
stl_algobase.h:676:5:_BI2 std::move_backward(_BI1, _BI1, _BI2) [with _BI1 = unsigned char*; _BI2 = unsigned char*]	32	static
stl_algobase.h:742:5:void std::fill(_ForwardIterator, _ForwardIterator, const _Tp&) [with _ForwardIterator = unsigned char*; _Tp = unsigned char]	32	static
stl_uninitialized.h:382:5:_ForwardIterator std::__uninitialized_fill_n_a(_ForwardIterator, _Size, const _Tp&, std::allocator<_Tp2>&) [with _ForwardIterator = unsigned char*; _Size = unsigned int; _Tp = unsigned char; _Tp2 = unsigned char]	24	static
stl_iterator_base_types.h:205:5:constexpr typename std::iterator_traits<_Iterator>::iterator_category std::__iterator_category(const _Iter&) [with _Iter = const unsigned char*]	16	static
vector.tcc:721:7:void std::vector<_Tp, _Alloc>::_M_range_insert(std::vector<_Tp, _Alloc>::iterator, _ForwardIterator, _ForwardIterator, std::forward_iterator_tag) [with _ForwardIterator = const unsigned char*; _Tp = unsigned char; _Alloc = std::allocator<unsigned char>]	72	static
move.h:74:5:constexpr _Tp&& std::forward(typename std::remove_reference<_Tp>::type&) [with _Tp = unsigned char]	16	static
alloc_traits.h:482:2:) [with _Up = unsigned char; _Args = {unsigned char}; _Tp = unsigned char]	24	static
vector.tcc:426:7:) [with _Args = {unsigned char}; _Tp = unsigned char; _Alloc = std::allocator<unsigned char>]	64	static
alloc_traits.h:505:7:static std::allocator_traits<std::allocator<_Tp1> >::size_type std::allocator_traits<std::allocator<_Tp1> >::max_size(const allocator_type&) [with _Tp = unsigned char]	16	static
new_allocator.h:83:7:__gnu_cxx::new_allocator<_Tp>::new_allocator(const __gnu_cxx::new_allocator<_Tp>&) [with _Tp = unsigned char]	16	static
stl_vector.h:94:2:std::_Vector_base<_Tp, _Alloc>::_Vector_impl_data::_Vector_impl_data() [with _Tp = unsigned char; _Alloc = std::allocator<unsigned char>]	16	static
alloc_traits.h:469:7:static void std::allocator_traits<std::allocator<_Tp1> >::deallocate(std::allocator_traits<std::allocator<_Tp1> >::allocator_type&, std::allocator_traits<std::allocator<_Tp1> >::pointer, std::allocator_traits<std::allocator<_Tp1> >::size_type) [with _Tp = unsigned char]	24	static
stl_uninitialized.h:592:5:_ForwardIterator std::__uninitialized_default_n(_ForwardIterator, _Size) [with _ForwardIterator = unsigned char*; _Size = unsigned int]	24	static
stl_construct.h:117:9:static void std::_Destroy_aux<true>::__destroy(_ForwardIterator, _ForwardIterator) [with _ForwardIterator = unsigned char*]	16	static
new_allocator.h:119:7:void __gnu_cxx::new_allocator<_Tp>::deallocate(__gnu_cxx::new_allocator<_Tp>::pointer, __gnu_cxx::new_allocator<_Tp>::size_type) [with _Tp = flexbuffers::Builder::Value]	24	static
stl_construct.h:117:9:static void std::_Destroy_aux<true>::__destroy(_ForwardIterator, _ForwardIterator) [with _ForwardIterator = flexbuffers::Builder::Value*]	16	static
new_allocator.h:80:7:__gnu_cxx::new_allocator<_Tp>::new_allocator() [with _Tp = std::_Rb_tree_node<unsigned int>]	16	static
move.h:99:5:constexpr typename std::remove_reference<_Tp>::type&& std::move(_Tp&&) [with _Tp = std::allocator<std::_Rb_tree_node<unsigned int> >&]	16	static
allocator.h:141:7:std::allocator< <template-parameter-1-1> >::allocator(const std::allocator< <template-parameter-1-1> >&) [with _Tp = std::_Rb_tree_node<unsigned int>]	16	static
stl_tree.h:152:7:std::_Rb_tree_key_compare<_Key_compare>::_Rb_tree_key_compare(const _Key_compare&) [with _Key_compare = flexbuffers::Builder::KeyOffsetCompare]	16	static
stl_tree.h:637:7:void std::_Rb_tree<_Key, _Val, _KeyOfValue, _Compare, _Alloc>::_M_destroy_node(std::_Rb_tree<_Key, _Val, _KeyOfValue, _Compare, _Alloc>::_Link_type) [with _Key = unsigned int; _Val = unsigned int; _KeyOfValue = std::_Identity<unsigned int>; _Compare = flexbuffers::Builder::KeyOffsetCompare; _Alloc = std::allocator<unsigned int>]	24	static
stl_tree.h:583:7:void std::_Rb_tree<_Key, _Val, _KeyOfValue, _Compare, _Alloc>::_M_put_node(std::_Rb_tree<_Key, _Val, _KeyOfValue, _Compare, _Alloc>::_Link_type) [with _Key = unsigned int; _Val = unsigned int; _KeyOfValue = std::_Identity<unsigned int>; _Compare = flexbuffers::Builder::KeyOffsetCompare; _Alloc = std::allocator<unsigned int>]	16	static
new_allocator.h:80:7:__gnu_cxx::new_allocator<_Tp>::new_allocator() [with _Tp = std::_Rb_tree_node<std::pair<unsigned int, unsigned int> >]	16	static
move.h:99:5:constexpr typename std::remove_reference<_Tp>::type&& std::move(_Tp&&) [with _Tp = std::allocator<std::_Rb_tree_node<std::pair<unsigned int, unsigned int> > >&]	16	static
allocator.h:141:7:std::allocator< <template-parameter-1-1> >::allocator(const std::allocator< <template-parameter-1-1> >&) [with _Tp = std::_Rb_tree_node<std::pair<unsigned int, unsigned int> >]	16	static
stl_tree.h:152:7:std::_Rb_tree_key_compare<_Key_compare>::_Rb_tree_key_compare(const _Key_compare&) [with _Key_compare = flexbuffers::Builder::StringOffsetCompare]	16	static
stl_tree.h:637:7:void std::_Rb_tree<_Key, _Val, _KeyOfValue, _Compare, _Alloc>::_M_destroy_node(std::_Rb_tree<_Key, _Val, _KeyOfValue, _Compare, _Alloc>::_Link_type) [with _Key = std::pair<unsigned int, unsigned int>; _Val = std::pair<unsigned int, unsigned int>; _KeyOfValue = std::_Identity<std::pair<unsigned int, unsigned int> >; _Compare = flexbuffers::Builder::StringOffsetCompare; _Alloc = std::allocator<std::pair<unsigned int, unsigned int> >]	24	static
stl_tree.h:583:7:void std::_Rb_tree<_Key, _Val, _KeyOfValue, _Compare, _Alloc>::_M_put_node(std::_Rb_tree<_Key, _Val, _KeyOfValue, _Compare, _Alloc>::_Link_type) [with _Key = std::pair<unsigned int, unsigned int>; _Val = std::pair<unsigned int, unsigned int>; _KeyOfValue = std::_Identity<std::pair<unsigned int, unsigned int> >; _Compare = flexbuffers::Builder::StringOffsetCompare; _Alloc = std::allocator<std::pair<unsigned int, unsigned int> >]	16	static
new_allocator.h:144:2:) [with _Up = flexbuffers::Builder::Value; _Args = {flexbuffers::Builder::Value}; _Tp = flexbuffers::Builder::Value]	32	static
stl_tree.h:767:7:static const _Key& std::_Rb_tree<_Key, _Val, _KeyOfValue, _Compare, _Alloc>::_S_key(std::_Rb_tree<_Key, _Val, _KeyOfValue, _Compare, _Alloc>::_Const_Link_type) [with _Key = unsigned int; _Val = unsigned int; _KeyOfValue = std::_Identity<unsigned int>; _Compare = flexbuffers::Builder::KeyOffsetCompare; _Alloc = std::allocator<unsigned int>]	24	static
stl_vector.h:277:7:const _Tp_alloc_type& std::_Vector_base<_Tp, _Alloc>::_M_get_Tp_allocator() const [with _Tp = unsigned char; _Alloc = std::allocator<unsigned char>]	16	static
stl_algobase.h:222:5:constexpr const _Tp& std::max(const _Tp&, const _Tp&) [with _Tp = unsigned int]	16	static
alloc_traits.h:443:7:static _Tp* std::allocator_traits<std::allocator<_Tp1> >::allocate(std::allocator_traits<std::allocator<_Tp1> >::allocator_type&, std::allocator_traits<std::allocator<_Tp1> >::size_type) [with _Tp = unsigned char]	16	static
stl_vector.h:450:7:static std::vector<_Tp, _Alloc>::pointer std::vector<_Tp, _Alloc>::_S_do_relocate(std::vector<_Tp, _Alloc>::pointer, std::vector<_Tp, _Alloc>::pointer, std::vector<_Tp, _Alloc>::pointer, std::vector<_Tp, _Alloc>::_Tp_alloc_type&, std::true_type) [with _Tp = unsigned char; _Alloc = std::allocator<unsigned char>]	24	static
stl_iterator.h:1242:5:_ReturnType std::__make_move_if_noexcept_iterator(_Tp*) [with _Tp = unsigned char; _ReturnType = std::move_iterator<unsigned char*>]	24	static
stl_uninitialized.h:305:5:_ForwardIterator std::__uninitialized_copy_a(_InputIterator, _InputIterator, _ForwardIterator, std::allocator<_Tp>&) [with _InputIterator = std::move_iterator<unsigned char*>; _ForwardIterator = unsigned char*; _Tp = unsigned char]	24	static
aligned_buffer.h:68:7:const void* __gnu_cxx::__aligned_membuf<_Tp>::_M_addr() const [with _Tp = unsigned int]	16	static
stl_tree.h:1006:7:std::_Rb_tree<_Key, _Val, _KeyOfValue, _Compare, _Alloc>::iterator std::_Rb_tree<_Key, _Val, _KeyOfValue, _Compare, _Alloc>::begin() [with _Key = unsigned int; _Val = unsigned int; _KeyOfValue = std::_Identity<unsigned int>; _Compare = flexbuffers::Builder::KeyOffsetCompare; _Alloc = std::allocator<unsigned int>]	24	static
stl_pair.h:341:12:constexpr std::pair<_T1, _T2>::pair(_U1&&, _U2&&) [with _U1 = std::_Rb_tree_node<unsigned int>*&; _U2 = std::_Rb_tree_node_base*&; typename std::enable_if<(std::_PCC<true, _T1, _T2>::_MoveConstructiblePair<_U1, _U2>() && std::_PCC<true, _T1, _T2>::_ImplicitlyMoveConvertiblePair<_U1, _U2>()), bool>::type <anonymous> = true; _T1 = std::_Rb_tree_node_base*; _T2 = std::_Rb_tree_node_base*]	24	static
stl_tree.h:300:7:std::_Rb_tree_iterator<_Tp>::_Self& std::_Rb_tree_iterator<_Tp>::operator--() [with _Tp = unsigned int]	16	static
stl_pair.h:311:18:constexpr std::pair<_T1, _T2>::pair(_U1&&, const _T2&) [with _U1 = std::_Rb_tree_node_base*&; typename std::enable_if<std::_PCC<true, _T1, _T2>::_MoveCopyPair<true, _U1, _T2>(), bool>::type <anonymous> = true; _T1 = std::_Rb_tree_node_base*; _T2 = std::_Rb_tree_node_base*]	24	static
stl_tree.h:546:4:std::_Rb_tree_node<_Val>* std::_Rb_tree<_Key, _Val, _KeyOfValue, _Compare, _Alloc>::_Alloc_node::operator()(_Arg&&) const [with _Arg = const unsigned int&; _Key = unsigned int; _Val = unsigned int; _KeyOfValue = std::_Identity<unsigned int>; _Compare = flexbuffers::Builder::KeyOffsetCompare; _Alloc = std::allocator<unsigned int>]	24	static
move.h:74:5:constexpr _Tp&& std::forward(typename std::remove_reference<_Tp>::type&) [with _Tp = std::_Rb_tree_iterator<unsigned int>]	16	static
move.h:74:5:constexpr _Tp&& std::forward(typename std::remove_reference<_Tp>::type&) [with _Tp = bool]	16	static
stl_vector.h:1773:7:static std::vector<_Tp, _Alloc>::size_type std::vector<_Tp, _Alloc>::_S_max_size(const _Tp_alloc_type&) [with _Tp = flexbuffers::Builder::Value; _Alloc = std::allocator<flexbuffers::Builder::Value>]	24	static
stl_vector.h:277:7:const _Tp_alloc_type& std::_Vector_base<_Tp, _Alloc>::_M_get_Tp_allocator() const [with _Tp = flexbuffers::Builder::Value; _Alloc = std::allocator<flexbuffers::Builder::Value>]	16	static
stl_uninitialized.h:592:5:_ForwardIterator std::__uninitialized_default_n(_ForwardIterator, _Size) [with _ForwardIterator = flexbuffers::Builder::Value*; _Size = unsigned int]	24	static
alloc_traits.h:443:7:static _Tp* std::allocator_traits<std::allocator<_Tp1> >::allocate(std::allocator_traits<std::allocator<_Tp1> >::allocator_type&, std::allocator_traits<std::allocator<_Tp1> >::size_type) [with _Tp = flexbuffers::Builder::Value]	16	static
stl_vector.h:450:7:static std::vector<_Tp, _Alloc>::pointer std::vector<_Tp, _Alloc>::_S_do_relocate(std::vector<_Tp, _Alloc>::pointer, std::vector<_Tp, _Alloc>::pointer, std::vector<_Tp, _Alloc>::pointer, std::vector<_Tp, _Alloc>::_Tp_alloc_type&, std::true_type) [with _Tp = flexbuffers::Builder::Value; _Alloc = std::allocator<flexbuffers::Builder::Value>]	24	static
stl_iterator.h:1242:5:_ReturnType std::__make_move_if_noexcept_iterator(_Tp*) [with _Tp = flexbuffers::Builder::Value; _ReturnType = std::move_iterator<flexbuffers::Builder::Value*>]	24	static
stl_uninitialized.h:305:5:_ForwardIterator std::__uninitialized_copy_a(_InputIterator, _InputIterator, _ForwardIterator, std::allocator<_Tp>&) [with _InputIterator = std::move_iterator<flexbuffers::Builder::Value*>; _ForwardIterator = flexbuffers::Builder::Value*; _Tp = flexbuffers::Builder::Value]	24	static
new_allocator.h:151:2:void __gnu_cxx::new_allocator<_Tp>::destroy(_Up*) [with _Up = flexbuffers::Builder::Value; _Tp = flexbuffers::Builder::Value]	16	static
stl_iterator.h:806:7:__gnu_cxx::__normal_iterator<_Iterator, _Container>::__normal_iterator(const _Iterator&) [with _Iterator = const flexbuffers::Builder::Value*; _Container = std::vector<flexbuffers::Builder::Value>]	16	static
stl_iterator.h:871:7:const _Iterator& __gnu_cxx::__normal_iterator<_Iterator, _Container>::base() const [with _Iterator = const flexbuffers::Builder::Value*; _Container = std::vector<flexbuffers::Builder::Value>]	16	static
stl_algo.h:1927:5:void std::__partial_sort(_RandomAccessIterator, _RandomAccessIterator, _RandomAccessIterator, _Compare) [with _RandomAccessIterator = flexbuffers::Builder::EndMap(size_t)::TwoValue*; _Compare = __gnu_cxx::__ops::_Iter_comp_iter<flexbuffers::Builder::EndMap(size_t)::<lambda(const flexbuffers::Builder::EndMap(size_t)::TwoValue&, const flexbuffers::Builder::EndMap(size_t)::TwoValue&)> >]	24	static
stl_algo.h:1916:5:_RandomAccessIterator std::__unguarded_partition_pivot(_RandomAccessIterator, _RandomAccessIterator, _Compare) [with _RandomAccessIterator = flexbuffers::Builder::EndMap(size_t)::TwoValue*; _Compare = __gnu_cxx::__ops::_Iter_comp_iter<flexbuffers::Builder::EndMap(size_t)::<lambda(const flexbuffers::Builder::EndMap(size_t)::TwoValue&, const flexbuffers::Builder::EndMap(size_t)::TwoValue&)> >]	40	static
stl_algo.h:1839:5:void std::__insertion_sort(_RandomAccessIterator, _RandomAccessIterator, _Compare) [with _RandomAccessIterator = flexbuffers::Builder::EndMap(size_t)::TwoValue*; _Compare = __gnu_cxx::__ops::_Iter_comp_iter<flexbuffers::Builder::EndMap(size_t)::<lambda(const flexbuffers::Builder::EndMap(size_t)::TwoValue&, const flexbuffers::Builder::EndMap(size_t)::TwoValue&)> >]	72	static
stl_algo.h:1862:5:void std::__unguarded_insertion_sort(_RandomAccessIterator, _RandomAccessIterator, _Compare) [with _RandomAccessIterator = flexbuffers::Builder::EndMap(size_t)::TwoValue*; _Compare = __gnu_cxx::__ops::_Iter_comp_iter<flexbuffers::Builder::EndMap(size_t)::<lambda(const flexbuffers::Builder::EndMap(size_t)::TwoValue&, const flexbuffers::Builder::EndMap(size_t)::TwoValue&)> >]	32	static
stl_vector.h:1720:2:_Tp* std::vector<_Tp, _Alloc>::_Temporary_value::_M_ptr() [with _Tp = unsigned char; _Alloc = std::allocator<unsigned char>]	16	static
move.h:74:5:constexpr _Tp&& std::forward(typename std::remove_reference<_Tp>::type&) [with _Tp = const unsigned char&]	16	static
alloc_traits.h:482:2:) [with _Up = unsigned char; _Args = {const unsigned char&}; _Tp = unsigned char]	24	static
alloc_traits.h:495:2:static void std::allocator_traits<std::allocator<_Tp1> >::destroy(std::allocator_traits<std::allocator<_Tp1> >::allocator_type&, _Up*) [with _Up = unsigned char; _Tp = unsigned char]	16	static
stl_iterator.h:1225:5:std::move_iterator<_IteratorL> std::make_move_iterator(_Iterator) [with _Iterator = unsigned char*]	24	static
cpp_type_traits.h:428:5:_Iterator std::__miter_base(_Iterator) [with _Iterator = unsigned char*]	16	static
stl_algobase.h:613:5:_BI2 std::__copy_move_backward_a2(_BI1, _BI1, _BI2) [with bool _IsMove = true; _BI1 = unsigned char*; _BI2 = unsigned char*]	32	static
stl_algobase.h:280:5:_Iterator std::__niter_base(_Iterator) [with _Iterator = unsigned char*]	16	static
stl_algobase.h:721:5:typename __gnu_cxx::__enable_if<std::__is_byte<_Tp>::__value, void>::__type std::__fill_a(_Tp*, _Tp*, const _Tp&) [with _Tp = unsigned char]	32	static
stl_uninitialized.h:256:5:_ForwardIterator std::uninitialized_fill_n(_ForwardIterator, _Size, const _Tp&) [with _ForwardIterator = unsigned char*; _Size = unsigned int; _Tp = unsigned char]	32	static
stl_iterator_base_funcs.h:138:5:typename std::iterator_traits<_Iterator>::difference_type std::distance(_InputIterator, _InputIterator) [with _InputIterator = const unsigned char*]	32	static
stl_algobase.h:465:5:_OI std::copy(_II, _II, _OI) [with _II = const unsigned char*; _OI = __gnu_cxx::__normal_iterator<unsigned char*, std::vector<unsigned char> >]	32	static
stl_iterator_base_funcs.h:202:5:void std::advance(_InputIterator&, _Distance) [with _InputIterator = const unsigned char*; _Distance = unsigned int]	32	static
stl_uninitialized.h:305:5:_ForwardIterator std::__uninitialized_copy_a(_InputIterator, _InputIterator, _ForwardIterator, std::allocator<_Tp>&) [with _InputIterator = const unsigned char*; _ForwardIterator = unsigned char*; _Tp = unsigned char]	24	static
new_allocator.h:144:2:) [with _Up = unsigned char; _Args = {unsigned char}; _Tp = unsigned char]	32	static
new_allocator.h:132:7:__gnu_cxx::new_allocator<_Tp>::size_type __gnu_cxx::new_allocator<_Tp>::max_size() const [with _Tp = unsigned char]	16	static
new_allocator.h:119:7:void __gnu_cxx::new_allocator<_Tp>::deallocate(__gnu_cxx::new_allocator<_Tp>::pointer, __gnu_cxx::new_allocator<_Tp>::size_type) [with _Tp = unsigned char]	24	static
stl_uninitialized.h:561:9:static _ForwardIterator std::__uninitialized_default_n_1<true>::__uninit_default_n(_ForwardIterator, _Size) [with _ForwardIterator = unsigned char*; _Size = unsigned int]	24	static
new_allocator.h:83:7:__gnu_cxx::new_allocator<_Tp>::new_allocator(const __gnu_cxx::new_allocator<_Tp>&) [with _Tp = std::_Rb_tree_node<unsigned int>]	16	static
stl_tree.h:566:7:std::_Rb_tree<_Key, _Val, _KeyOfValue, _Compare, _Alloc>::_Node_allocator& std::_Rb_tree<_Key, _Val, _KeyOfValue, _Compare, _Alloc>::_M_get_Node_allocator() [with _Key = unsigned int; _Val = unsigned int; _KeyOfValue = std::_Identity<unsigned int>; _Compare = flexbuffers::Builder::KeyOffsetCompare; _Alloc = std::allocator<unsigned int>]	16	static
stl_tree.h:234:7:_Val* std::_Rb_tree_node<_Val>::_M_valptr() [with _Val = unsigned int]	16	static
alloc_traits.h:495:2:static void std::allocator_traits<std::allocator<_Tp1> >::destroy(std::allocator_traits<std::allocator<_Tp1> >::allocator_type&, _Up*) [with _Up = unsigned int; _Tp = std::_Rb_tree_node<unsigned int>]	16	static
alloc_traits.h:469:7:static void std::allocator_traits<std::allocator<_Tp1> >::deallocate(std::allocator_traits<std::allocator<_Tp1> >::allocator_type&, std::allocator_traits<std::allocator<_Tp1> >::pointer, std::allocator_traits<std::allocator<_Tp1> >::size_type) [with _Tp = std::_Rb_tree_node<unsigned int>]	24	static
new_allocator.h:83:7:__gnu_cxx::new_allocator<_Tp>::new_allocator(const __gnu_cxx::new_allocator<_Tp>&) [with _Tp = std::_Rb_tree_node<std::pair<unsigned int, unsigned int> >]	16	static
stl_tree.h:566:7:std::_Rb_tree<_Key, _Val, _KeyOfValue, _Compare, _Alloc>::_Node_allocator& std::_Rb_tree<_Key, _Val, _KeyOfValue, _Compare, _Alloc>::_M_get_Node_allocator() [with _Key = std::pair<unsigned int, unsigned int>; _Val = std::pair<unsigned int, unsigned int>; _KeyOfValue = std::_Identity<std::pair<unsigned int, unsigned int> >; _Compare = flexbuffers::Builder::StringOffsetCompare; _Alloc = std::allocator<std::pair<unsigned int, unsigned int> >]	16	static
stl_tree.h:234:7:_Val* std::_Rb_tree_node<_Val>::_M_valptr() [with _Val = std::pair<unsigned int, unsigned int>]	16	static
alloc_traits.h:495:2:static void std::allocator_traits<std::allocator<_Tp1> >::destroy(std::allocator_traits<std::allocator<_Tp1> >::allocator_type&, _Up*) [with _Up = std::pair<unsigned int, unsigned int>; _Tp = std::_Rb_tree_node<std::pair<unsigned int, unsigned int> >]	16	static
alloc_traits.h:469:7:static void std::allocator_traits<std::allocator<_Tp1> >::deallocate(std::allocator_traits<std::allocator<_Tp1> >::allocator_type&, std::allocator_traits<std::allocator<_Tp1> >::pointer, std::allocator_traits<std::allocator<_Tp1> >::size_type) [with _Tp = std::_Rb_tree_node<std::pair<unsigned int, unsigned int> >]	24	static
new_allocator.h:102:7:_Tp* __gnu_cxx::new_allocator<_Tp>::allocate(__gnu_cxx::new_allocator<_Tp>::size_type, const void*) [with _Tp = unsigned char]	24	static
stl_uninitialized.h:958:5:_ForwardIterator std::__relocate_a(_InputIterator, _InputIterator, _ForwardIterator, _Allocator&) [with _InputIterator = unsigned char*; _ForwardIterator = unsigned char*; _Allocator = std::allocator<unsigned char>]	32	static
stl_iterator.h:1057:7:std::move_iterator<_Iterator>::move_iterator(std::move_iterator<_Iterator>::iterator_type) [with _Iterator = unsigned char*]	16	static
stl_uninitialized.h:115:5:_ForwardIterator std::uninitialized_copy(_InputIterator, _InputIterator, _ForwardIterator) [with _InputIterator = std::move_iterator<unsigned char*>; _ForwardIterator = unsigned char*]	32	static
move.h:74:5:constexpr _Tp&& std::forward(typename std::remove_reference<_Tp>::type&) [with _Tp = std::_Rb_tree_node<unsigned int>*&]	16	static
move.h:74:5:constexpr _Tp&& std::forward(typename std::remove_reference<_Tp>::type&) [with _Tp = std::_Rb_tree_node_base*&]	16	static
stl_tree.h:628:2:) [with _Args = {const unsigned int&}; _Key = unsigned int; _Val = unsigned int; _KeyOfValue = std::_Identity<unsigned int>; _Compare = flexbuffers::Builder::KeyOffsetCompare; _Alloc = std::allocator<unsigned int>]	24	static
alloc_traits.h:505:7:static std::allocator_traits<std::allocator<_Tp1> >::size_type std::allocator_traits<std::allocator<_Tp1> >::max_size(const allocator_type&) [with _Tp = flexbuffers::Builder::Value]	16	static
stl_uninitialized.h:539:9:static _ForwardIterator std::__uninitialized_default_n_1<_TrivialValueType>::__uninit_default_n(_ForwardIterator, _Size) [with _ForwardIterator = flexbuffers::Builder::Value*; _Size = unsigned int; bool _TrivialValueType = false]	24	static
new_allocator.h:102:7:_Tp* __gnu_cxx::new_allocator<_Tp>::allocate(__gnu_cxx::new_allocator<_Tp>::size_type, const void*) [with _Tp = flexbuffers::Builder::Value]	24	static
stl_uninitialized.h:958:5:_ForwardIterator std::__relocate_a(_InputIterator, _InputIterator, _ForwardIterator, _Allocator&) [with _InputIterator = flexbuffers::Builder::Value*; _ForwardIterator = flexbuffers::Builder::Value*; _Allocator = std::allocator<flexbuffers::Builder::Value>]	32	static
stl_iterator.h:1057:7:std::move_iterator<_Iterator>::move_iterator(std::move_iterator<_Iterator>::iterator_type) [with _Iterator = flexbuffers::Builder::Value*]	16	static
stl_uninitialized.h:115:5:_ForwardIterator std::uninitialized_copy(_InputIterator, _InputIterator, _ForwardIterator) [with _InputIterator = std::move_iterator<flexbuffers::Builder::Value*>; _ForwardIterator = flexbuffers::Builder::Value*]	32	static
stl_algo.h:1667:5:void std::__heap_select(_RandomAccessIterator, _RandomAccessIterator, _RandomAccessIterator, _Compare) [with _RandomAccessIterator = flexbuffers::Builder::EndMap(size_t)::TwoValue*; _Compare = __gnu_cxx::__ops::_Iter_comp_iter<flexbuffers::Builder::EndMap(size_t)::<lambda(const flexbuffers::Builder::EndMap(size_t)::TwoValue&, const flexbuffers::Builder::EndMap(size_t)::TwoValue&)> >]	32	static
stl_heap.h:402:5:void std::__sort_heap(_RandomAccessIterator, _RandomAccessIterator, _Compare&) [with _RandomAccessIterator = flexbuffers::Builder::EndMap(size_t)::TwoValue*; _Compare = __gnu_cxx::__ops::_Iter_comp_iter<flexbuffers::Builder::EndMap(size_t)::<lambda(const flexbuffers::Builder::EndMap(size_t)::TwoValue&, const flexbuffers::Builder::EndMap(size_t)::TwoValue&)> >]	24	static
predefined_ops.h:142:9:constexpr bool __gnu_cxx::__ops::_Iter_comp_iter<_Compare>::operator()(_Iterator1, _Iterator2) [with _Iterator1 = flexbuffers::Builder::EndMap(size_t)::TwoValue*; _Iterator2 = flexbuffers::Builder::EndMap(size_t)::TwoValue*; _Compare = flexbuffers::Builder::EndMap(size_t)::<lambda(const flexbuffers::Builder::EndMap(size_t)::TwoValue&, const flexbuffers::Builder::EndMap(size_t)::TwoValue&)>]	24	static
stl_algo.h:78:5:void std::__move_median_to_first(_Iterator, _Iterator, _Iterator, _Iterator, _Compare) [with _Iterator = flexbuffers::Builder::EndMap(size_t)::TwoValue*; _Compare = __gnu_cxx::__ops::_Iter_comp_iter<flexbuffers::Builder::EndMap(size_t)::<lambda(const flexbuffers::Builder::EndMap(size_t)::TwoValue&, const flexbuffers::Builder::EndMap(size_t)::TwoValue&)> >]	24	static
stl_algo.h:1895:5:_RandomAccessIterator std::__unguarded_partition(_RandomAccessIterator, _RandomAccessIterator, _RandomAccessIterator, _Compare) [with _RandomAccessIterator = flexbuffers::Builder::EndMap(size_t)::TwoValue*; _Compare = __gnu_cxx::__ops::_Iter_comp_iter<flexbuffers::Builder::EndMap(size_t)::<lambda(const flexbuffers::Builder::EndMap(size_t)::TwoValue&, const flexbuffers::Builder::EndMap(size_t)::TwoValue&)> >]	24	static
move.h:99:5:constexpr typename std::remove_reference<_Tp>::type&& std::move(_Tp&&) [with _Tp = flexbuffers::Builder::EndMap(size_t)::TwoValue&]	16	static
stl_algobase.h:676:5:_BI2 std::move_backward(_BI1, _BI1, _BI2) [with _BI1 = flexbuffers::Builder::EndMap(size_t)::TwoValue*; _BI2 = flexbuffers::Builder::EndMap(size_t)::TwoValue*]	32	static
predefined_ops.h:225:5:__gnu_cxx::__ops::_Val_comp_iter<_Compare> __gnu_cxx::__ops::__val_comp_iter(__gnu_cxx::__ops::_Iter_comp_iter<_Compare>) [with _Compare = flexbuffers::Builder::EndMap(size_t)::<lambda(const flexbuffers::Builder::EndMap(size_t)::TwoValue&, const flexbuffers::Builder::EndMap(size_t)::TwoValue&)>]	24	static
stl_algo.h:1820:5:void std::__unguarded_linear_insert(_RandomAccessIterator, _Compare) [with _RandomAccessIterator = flexbuffers::Builder::EndMap(size_t)::TwoValue*; _Compare = __gnu_cxx::__ops::_Val_comp_iter<flexbuffers::Builder::EndMap(size_t)::<lambda(const flexbuffers::Builder::EndMap(size_t)::TwoValue&, const flexbuffers::Builder::EndMap(size_t)::TwoValue&)> >]	64	static
new_allocator.h:144:2:) [with _Up = unsigned char; _Args = {const unsigned char&}; _Tp = unsigned char]	32	static
new_allocator.h:151:2:void __gnu_cxx::new_allocator<_Tp>::destroy(_Up*) [with _Up = unsigned char; _Tp = unsigned char]	16	static
stl_algobase.h:595:5:_BI2 std::__copy_move_backward_a(_BI1, _BI1, _BI2) [with bool _IsMove = true; _BI1 = unsigned char*; _BI2 = unsigned char*]	32	static
stl_algobase.h:295:5:_Iterator std::__niter_wrap(const _Iterator&, _Iterator) [with _Iterator = unsigned char*]	16	static
stl_uninitialized.h:238:9:static _ForwardIterator std::__uninitialized_fill_n<true>::__uninit_fill_n(_ForwardIterator, _Size, const _Tp&) [with _ForwardIterator = unsigned char*; _Size = unsigned int; _Tp = unsigned char]	24	static
stl_iterator_base_funcs.h:98:5:constexpr typename std::iterator_traits<_Iterator>::difference_type std::__distance(_RandomAccessIterator, _RandomAccessIterator, std::random_access_iterator_tag) [with _RandomAccessIterator = const unsigned char*]	24	static
cpp_type_traits.h:428:5:_Iterator std::__miter_base(_Iterator) [with _Iterator = const unsigned char*]	16	static
stl_algobase.h:438:5:_OI std::__copy_move_a2(_II, _II, _OI) [with bool _IsMove = false; _II = const unsigned char*; _OI = __gnu_cxx::__normal_iterator<unsigned char*, std::vector<unsigned char> >]	32	static
stl_iterator_base_funcs.h:174:5:constexpr void std::__advance(_RandomAccessIterator&, _Distance, std::random_access_iterator_tag) [with _RandomAccessIterator = const unsigned char*; _Distance = int]	24	static
stl_uninitialized.h:115:5:_ForwardIterator std::uninitialized_copy(_InputIterator, _InputIterator, _ForwardIterator) [with _InputIterator = const unsigned char*; _ForwardIterator = unsigned char*]	32	static
stl_algobase.h:802:5:_OI std::fill_n(_OI, _Size, const _Tp&) [with _OI = unsigned char*; _Size = unsigned int; _Tp = unsigned char]	24	static
aligned_buffer.h:72:7:_Tp* __gnu_cxx::__aligned_membuf<_Tp>::_M_ptr() [with _Tp = unsigned int]	16	static
new_allocator.h:151:2:void __gnu_cxx::new_allocator<_Tp>::destroy(_Up*) [with _Up = unsigned int; _Tp = std::_Rb_tree_node<unsigned int>]	16	static
new_allocator.h:119:7:void __gnu_cxx::new_allocator<_Tp>::deallocate(__gnu_cxx::new_allocator<_Tp>::pointer, __gnu_cxx::new_allocator<_Tp>::size_type) [with _Tp = std::_Rb_tree_node<unsigned int>]	24	static
aligned_buffer.h:72:7:_Tp* __gnu_cxx::__aligned_membuf<_Tp>::_M_ptr() [with _Tp = std::pair<unsigned int, unsigned int>]	16	static
new_allocator.h:151:2:void __gnu_cxx::new_allocator<_Tp>::destroy(_Up*) [with _Up = std::pair<unsigned int, unsigned int>; _Tp = std::_Rb_tree_node<std::pair<unsigned int, unsigned int> >]	16	static
new_allocator.h:119:7:void __gnu_cxx::new_allocator<_Tp>::deallocate(__gnu_cxx::new_allocator<_Tp>::pointer, __gnu_cxx::new_allocator<_Tp>::size_type) [with _Tp = std::_Rb_tree_node<std::pair<unsigned int, unsigned int> >]	24	static
stl_uninitialized.h:924:5:std::__enable_if_t<std::__is_bitwise_relocatable<_Tp>::value, _Tp*> std::__relocate_a_1(_Tp*, _Tp*, _Tp*, std::allocator<_T2>&) [with _Tp = unsigned char; _Up = unsigned char]	32	static
stl_uninitialized.h:99:9:static _ForwardIterator std::__uninitialized_copy<true>::__uninit_copy(_InputIterator, _InputIterator, _ForwardIterator) [with _InputIterator = std::move_iterator<unsigned char*>; _ForwardIterator = unsigned char*]	24	static
stl_tree.h:579:7:std::_Rb_tree_node<_Val>* std::_Rb_tree<_Key, _Val, _KeyOfValue, _Compare, _Alloc>::_M_get_node() [with _Key = unsigned int; _Val = unsigned int; _KeyOfValue = std::_Identity<unsigned int>; _Compare = flexbuffers::Builder::KeyOffsetCompare; _Alloc = std::allocator<unsigned int>]	16	static
stl_tree.h:609:2:) [with _Args = {const unsigned int&}; _Key = unsigned int; _Val = unsigned int; _KeyOfValue = std::_Identity<unsigned int>; _Compare = flexbuffers::Builder::KeyOffsetCompare; _Alloc = std::allocator<unsigned int>]	32	static
new_allocator.h:132:7:__gnu_cxx::new_allocator<_Tp>::size_type __gnu_cxx::new_allocator<_Tp>::max_size() const [with _Tp = flexbuffers::Builder::Value]	16	static
move.h:47:5:constexpr _Tp* std::__addressof(_Tp&) [with _Tp = flexbuffers::Builder::Value]	16	static
stl_construct.h:74:5:) [with _T1 = flexbuffers::Builder::Value; _Args = {}]	16	static
stl_algobase.h:280:5:_Iterator std::__niter_base(_Iterator) [with _Iterator = flexbuffers::Builder::Value*]	16	static
stl_uninitialized.h:936:5:_ForwardIterator std::__relocate_a_1(_InputIterator, _InputIterator, _ForwardIterator, _Allocator&) [with _InputIterator = flexbuffers::Builder::Value*; _ForwardIterator = flexbuffers::Builder::Value*; _Allocator = std::allocator<flexbuffers::Builder::Value>]	40	static
stl_uninitialized.h:76:9:static _ForwardIterator std::__uninitialized_copy<_TrivialValueTypes>::__uninit_copy(_InputIterator, _InputIterator, _ForwardIterator) [with _InputIterator = std::move_iterator<flexbuffers::Builder::Value*>; _ForwardIterator = flexbuffers::Builder::Value*; bool _TrivialValueTypes = false]	40	static
stl_heap.h:326:5:void std::__make_heap(_RandomAccessIterator, _RandomAccessIterator, _Compare&) [with _RandomAccessIterator = flexbuffers::Builder::EndMap(size_t)::TwoValue*; _Compare = __gnu_cxx::__ops::_Iter_comp_iter<flexbuffers::Builder::EndMap(size_t)::<lambda(const flexbuffers::Builder::EndMap(size_t)::TwoValue&, const flexbuffers::Builder::EndMap(size_t)::TwoValue&)> >]	112	static
stl_heap.h:243:5:void std::__pop_heap(_RandomAccessIterator, _RandomAccessIterator, _RandomAccessIterator, _Compare&) [with _RandomAccessIterator = flexbuffers::Builder::EndMap(size_t)::TwoValue*; _Compare = __gnu_cxx::__ops::_Iter_comp_iter<flexbuffers::Builder::EndMap(size_t)::<lambda(const flexbuffers::Builder::EndMap(size_t)::TwoValue&, const flexbuffers::Builder::EndMap(size_t)::TwoValue&)> >]	112	static
stl_algobase.h:123:5:void std::iter_swap(_ForwardIterator1, _ForwardIterator2) [with _ForwardIterator1 = flexbuffers::Builder::EndMap(size_t)::TwoValue*; _ForwardIterator2 = flexbuffers::Builder::EndMap(size_t)::TwoValue*]	16	static
cpp_type_traits.h:428:5:_Iterator std::__miter_base(_Iterator) [with _Iterator = flexbuffers::Builder::EndMap(size_t)::TwoValue*]	16	static
stl_algobase.h:613:5:_BI2 std::__copy_move_backward_a2(_BI1, _BI1, _BI2) [with bool _IsMove = true; _BI1 = flexbuffers::Builder::EndMap(size_t)::TwoValue*; _BI2 = flexbuffers::Builder::EndMap(size_t)::TwoValue*]	32	static
move.h:99:5:constexpr typename std::remove_reference<_Tp>::type&& std::move(_Tp&&) [with _Tp = __gnu_cxx::__ops::_Iter_comp_iter<flexbuffers::Builder::EndMap(size_t)::<lambda(const flexbuffers::Builder::EndMap(size_t)::TwoValue&, const flexbuffers::Builder::EndMap(size_t)::TwoValue&)> >&]	16	static
predefined_ops.h:207:7:__gnu_cxx::__ops::_Val_comp_iter<_Compare>::_Val_comp_iter(__gnu_cxx::__ops::_Iter_comp_iter<_Compare>&&) [with _Compare = flexbuffers::Builder::EndMap(size_t)::<lambda(const flexbuffers::Builder::EndMap(size_t)::TwoValue&, const flexbuffers::Builder::EndMap(size_t)::TwoValue&)>]	16	static
predefined_ops.h:214:2:bool __gnu_cxx::__ops::_Val_comp_iter<_Compare>::operator()(_Value&, _Iterator) [with _Value = flexbuffers::Builder::EndMap(size_t)::TwoValue; _Iterator = flexbuffers::Builder::EndMap(size_t)::TwoValue*; _Compare = flexbuffers::Builder::EndMap(size_t)::<lambda(const flexbuffers::Builder::EndMap(size_t)::TwoValue&, const flexbuffers::Builder::EndMap(size_t)::TwoValue&)>]	24	static
stl_algobase.h:577:2:static _Tp* std::__copy_move_backward<_IsMove, true, std::random_access_iterator_tag>::__copy_move_b(const _Tp*, const _Tp*, _Tp*) [with _Tp = unsigned char; bool _IsMove = true]	32	static
stl_algobase.h:280:5:_Iterator std::__niter_base(_Iterator) [with _Iterator = const unsigned char*]	16	static
stl_iterator.h:1010:5:_Iterator std::__niter_base(__gnu_cxx::__normal_iterator<_Iterator, _Container>) [with _Iterator = unsigned char*; _Container = std::vector<unsigned char>]	16	static
stl_algobase.h:393:5:_OI std::__copy_move_a(_II, _II, _OI) [with bool _IsMove = false; _II = const unsigned char*; _OI = unsigned char*]	32	static
stl_algobase.h:289:5:_From std::__niter_wrap(_From, _To) [with _From = __gnu_cxx::__normal_iterator<unsigned char*, std::vector<unsigned char> >; _To = unsigned char*]	16	static
stl_uninitialized.h:99:9:static _ForwardIterator std::__uninitialized_copy<true>::__uninit_copy(_InputIterator, _InputIterator, _ForwardIterator) [with _InputIterator = const unsigned char*; _ForwardIterator = unsigned char*]	24	static
stl_algobase.h:779:5:typename __gnu_cxx::__enable_if<std::__is_byte<_Tp>::__value, _Tp*>::__type std::__fill_n_a(_Tp*, _Size, const _Tp&) [with _Size = unsigned int; _Tp = unsigned char]	24	static
aligned_buffer.h:64:7:void* __gnu_cxx::__aligned_membuf<_Tp>::_M_addr() [with _Tp = unsigned int]	16	static
aligned_buffer.h:64:7:void* __gnu_cxx::__aligned_membuf<_Tp>::_M_addr() [with _Tp = std::pair<unsigned int, unsigned int>]	16	static
stl_algobase.h:465:5:_OI std::copy(_II, _II, _OI) [with _II = std::move_iterator<unsigned char*>; _OI = unsigned char*]	32	static
alloc_traits.h:443:7:static _Tp* std::allocator_traits<std::allocator<_Tp1> >::allocate(std::allocator_traits<std::allocator<_Tp1> >::allocator_type&, std::allocator_traits<std::allocator<_Tp1> >::size_type) [with _Tp = std::_Rb_tree_node<unsigned int>]	16	static
alloc_traits.h:482:2:) [with _Up = unsigned int; _Args = {const unsigned int&}; _Tp = std::_Rb_tree_node<unsigned int>]	24	static
stl_uninitialized.h:905:5:void std::__relocate_object_a(_Tp*, _Up*, _Allocator&) [with _Tp = flexbuffers::Builder::Value; _Up = flexbuffers::Builder::Value; _Allocator = std::allocator<flexbuffers::Builder::Value>]	24	static
stl_iterator.h:1157:5:bool std::operator!=(const std::move_iterator<_IteratorL>&, const std::move_iterator<_IteratorL>&) [with _Iterator = flexbuffers::Builder::Value*]	16	static
stl_iterator.h:1078:7:std::move_iterator<_Iterator>& std::move_iterator<_Iterator>::operator++() [with _Iterator = flexbuffers::Builder::Value*]	16	static
stl_iterator.h:1070:7:std::move_iterator<_Iterator>::reference std::move_iterator<_Iterator>::operator*() const [with _Iterator = flexbuffers::Builder::Value*]	16	static
stl_construct.h:74:5:) [with _T1 = flexbuffers::Builder::Value; _Args = {flexbuffers::Builder::Value}]	24	static
stl_heap.h:214:5:void std::__adjust_heap(_RandomAccessIterator, _Distance, _Distance, _Tp, _Compare) [with _RandomAccessIterator = flexbuffers::Builder::EndMap(size_t)::TwoValue*; _Distance = int; _Tp = flexbuffers::Builder::EndMap(size_t)::TwoValue; _Compare = __gnu_cxx::__ops::_Iter_comp_iter<flexbuffers::Builder::EndMap(size_t)::<lambda(const flexbuffers::Builder::EndMap(size_t)::TwoValue&, const flexbuffers::Builder::EndMap(size_t)::TwoValue&)> >]	88	static
move.h:182:5:typename std::enable_if<std::__and_<std::__not_<std::__is_tuple_like<_Tp> >, std::is_move_constructible<_Tp>, std::is_move_assignable<_Tp> >::value>::type std::swap(_Tp&, _Tp&) [with _Tp = flexbuffers::Builder::EndMap(size_t)::TwoValue]	56	static
stl_algobase.h:280:5:_Iterator std::__niter_base(_Iterator) [with _Iterator = flexbuffers::Builder::EndMap(size_t)::TwoValue*]	16	static
stl_algobase.h:595:5:_BI2 std::__copy_move_backward_a(_BI1, _BI1, _BI2) [with bool _IsMove = true; _BI1 = flexbuffers::Builder::EndMap(size_t)::TwoValue*; _BI2 = flexbuffers::Builder::EndMap(size_t)::TwoValue*]	32	static
stl_algobase.h:295:5:_Iterator std::__niter_wrap(const _Iterator&, _Iterator) [with _Iterator = flexbuffers::Builder::EndMap(size_t)::TwoValue*]	16	static
stl_algobase.h:375:2:static _Tp* std::__copy_move<_IsMove, true, std::random_access_iterator_tag>::__copy_m(const _Tp*, const _Tp*, _Tp*) [with _Tp = unsigned char; bool _IsMove = false]	32	static
stl_algobase.h:465:5:_OI std::copy(_II, _II, _OI) [with _II = const unsigned char*; _OI = unsigned char*]	32	static
stl_iterator.h:1262:5:base())) std::__miter_base(std::move_iterator<_IteratorL>) [with _Iterator = unsigned char*]	16	static
stl_algobase.h:438:5:_OI std::__copy_move_a2(_II, _II, _OI) [with bool _IsMove = true; _II = unsigned char*; _OI = unsigned char*]	32	static
new_allocator.h:102:7:_Tp* __gnu_cxx::new_allocator<_Tp>::allocate(__gnu_cxx::new_allocator<_Tp>::size_type, const void*) [with _Tp = std::_Rb_tree_node<unsigned int>]	24	static
new_allocator.h:144:2:) [with _Up = unsigned int; _Args = {const unsigned int&}; _Tp = std::_Rb_tree_node<unsigned int>]	32	static
stl_iterator.h:1145:5:bool std::operator==(const std::move_iterator<_IteratorL>&, const std::move_iterator<_IteratorL>&) [with _Iterator = flexbuffers::Builder::Value*]	24	static
predefined_ops.h:169:7:__gnu_cxx::__ops::_Iter_comp_val<_Compare>::_Iter_comp_val(__gnu_cxx::__ops::_Iter_comp_iter<_Compare>&&) [with _Compare = flexbuffers::Builder::EndMap(size_t)::<lambda(const flexbuffers::Builder::EndMap(size_t)::TwoValue&, const flexbuffers::Builder::EndMap(size_t)::TwoValue&)>]	16	static
stl_heap.h:128:5:void std::__push_heap(_RandomAccessIterator, _Distance, _Distance, _Tp, _Compare&) [with _RandomAccessIterator = flexbuffers::Builder::EndMap(size_t)::TwoValue*; _Distance = int; _Tp = flexbuffers::Builder::EndMap(size_t)::TwoValue; _Compare = __gnu_cxx::__ops::_Iter_comp_val<flexbuffers::Builder::EndMap(size_t)::<lambda(const flexbuffers::Builder::EndMap(size_t)::TwoValue&, const flexbuffers::Builder::EndMap(size_t)::TwoValue&)> >]	40	static
stl_algobase.h:577:2:static _Tp* std::__copy_move_backward<_IsMove, true, std::random_access_iterator_tag>::__copy_move_b(const _Tp*, const _Tp*, _Tp*) [with _Tp = flexbuffers::Builder::EndMap(size_t)::TwoValue; bool _IsMove = true]	32	static
stl_algobase.h:438:5:_OI std::__copy_move_a2(_II, _II, _OI) [with bool _IsMove = false; _II = const unsigned char*; _OI = unsigned char*]	32	static
stl_iterator.h:1066:7:std::move_iterator<_Iterator>::iterator_type std::move_iterator<_Iterator>::base() const [with _Iterator = unsigned char*]	16	static
stl_algobase.h:393:5:_OI std::__copy_move_a(_II, _II, _OI) [with bool _IsMove = true; _II = unsigned char*; _OI = unsigned char*]	32	static
new_allocator.h:132:7:__gnu_cxx::new_allocator<_Tp>::size_type __gnu_cxx::new_allocator<_Tp>::max_size() const [with _Tp = std::_Rb_tree_node<unsigned int>]	16	static
stl_iterator.h:1066:7:std::move_iterator<_Iterator>::iterator_type std::move_iterator<_Iterator>::base() const [with _Iterator = flexbuffers::Builder::Value*]	16	static
predefined_ops.h:176:2:bool __gnu_cxx::__ops::_Iter_comp_val<_Compare>::operator()(_Iterator, _Value&) [with _Iterator = flexbuffers::Builder::EndMap(size_t)::TwoValue*; _Value = flexbuffers::Builder::EndMap(size_t)::TwoValue; _Compare = flexbuffers::Builder::EndMap(size_t)::<lambda(const flexbuffers::Builder::EndMap(size_t)::TwoValue&, const flexbuffers::Builder::EndMap(size_t)::TwoValue&)>]	24	static
stl_algobase.h:375:2:static _Tp* std::__copy_move<_IsMove, true, std::random_access_iterator_tag>::__copy_m(const _Tp*, const _Tp*, _Tp*) [with _Tp = unsigned char; bool _IsMove = true]	32	static
